31.4.136.0 - - [09/Jun/2025:10:16:06 +0200] "GET / HTTP/1.1" 200 3449 formacion-web.com "-" "Mozilla/5.0 (Linux; Android 10; K) AppleWebKit/537.36 (KHTML, like Gecko) Chrome/137.0.0.0 Mobile Safari/537.36" "-"
31.4.136.0 - - [09/Jun/2025:10:16:06 +0200] "GET /css/styles.min.css HTTP/1.1" 200 15032 formacion-web.com "https://formacion-web.com/" "Mozilla/5.0 (Linux; Android 10; K) AppleWebKit/537.36 (KHTML, like Gecko) Chrome/137.0.0.0 Mobile Safari/537.36" "-"
31.4.136.0 - - [09/Jun/2025:10:16:06 +0200] "GET /js/index.min.js HTTP/1.1" 200 - formacion-web.com "https://formacion-web.com/" "Mozilla/5.0 (Linux; Android 10; K) AppleWebKit/537.36 (KHTML, like Gecko) Chrome/137.0.0.0 Mobile Safari/537.36" "-"
31.4.136.0 - - [09/Jun/2025:10:16:06 +0200] "GET /js/popover.min.js HTTP/1.1" 200 735 formacion-web.com "https://formacion-web.com/" "Mozilla/5.0 (Linux; Android 10; K) AppleWebKit/537.36 (KHTML, like Gecko) Chrome/137.0.0.0 Mobile Safari/537.36" "-"
31.4.136.0 - - [09/Jun/2025:10:16:06 +0200] "GET /js/navigator.min.js HTTP/1.1" 200 477 formacion-web.com "https://formacion-web.com/" "Mozilla/5.0 (Linux; Android 10; K) AppleWebKit/537.36 (KHTML, like Gecko) Chrome/137.0.0.0 Mobile Safari/537.36" "-"
31.4.136.0 - - [09/Jun/2025:10:16:06 +0200] "GET /js/header.min.js HTTP/1.1" 200 349 formacion-web.com "https://formacion-web.com/" "Mozilla/5.0 (Linux; Android 10; K) AppleWebKit/537.36 (KHTML, like Gecko) Chrome/137.0.0.0 Mobile Safari/537.36" "-"
31.4.136.0 - - [09/Jun/2025:10:16:06 +0200] "GET /videos/video.mp4 HTTP/1.1" 206 24497914 formacion-web.com "https://formacion-web.com/" "Mozilla/5.0 (Linux; Android 10; K) AppleWebKit/537.36 (KHTML, like Gecko) Chrome/137.0.0.0 Mobile Safari/537.36" "-"
31.4.136.0 - - [09/Jun/2025:10:16:07 +0200] "GET /img/logo.png HTTP/1.1" 200 131330 formacion-web.com "https://formacion-web.com/css/styles.min.css" "Mozilla/5.0 (Linux; Android 10; K) AppleWebKit/537.36 (KHTML, like Gecko) Chrome/137.0.0.0 Mobile Safari/537.36" "-"
46.6.26.0 - - [09/Jun/2025:10:16:08 +0200] "GET /img/avatares/youngpeople.png HTTP/1.1" 200 131330 formacion-web.com "https://formacion-web.com/" "Mozilla/5.0 (iPhone; CPU iPhone OS 15_8_4 like Mac OS X) AppleWebKit/605.1.15 (KHTML, like Gecko) Version/15.6.7 Mobile/15E148 Safari/604.1" "-"
90.166.55.0 - - [09/Jun/2025:10:16:08 +0200] "GET /api/productos?detalles=9876543210 HTTP/1.1" 200 220 formacion-web.com "https://formacion-web.com/tienda" "Mozilla/5.0 (Linux; Android 10; K) AppleWebKit/537.36 (KHTML, like Gecko) Chrome/137.0.0.0 Mobile Safari/537.36" "-"
31.4.136.0 - - [09/Jun/2025:10:16:08 +0200] "GET /img/avatares/youngpeople.png HTTP/1.1" 200 131330 formacion-web.com "https://formacion-web.com/" "Mozilla/5.0 (Linux; Android 10; K) AppleWebKit/537.36 (KHTML, like Gecko) Chrome/137.0.0.0 Mobile Safari/537.36" "-"
31.4.136.0 - - [09/Jun/2025:10:16:09 +0200] "GET /manifest.json HTTP/1.1" 200 12674 formacion-web.com "https://formacion-web.com/" "Mozilla/5.0 (Linux; Android 10; K) AppleWebKit/537.36 (KHTML, like Gecko) Chrome/137.0.0.0 Mobile Safari/537.36" "-"
31.4.136.0 - - [09/Jun/2025:10:16:09 +0200] "GET /img/icons/windows11/SmallTile.scale-200.png HTTP/1.1" 200 18270 formacion-web.com "https://formacion-web.com/" "Mozilla/5.0 (Linux; Android 10; K) AppleWebKit/537.36 (KHTML, like Gecko) Chrome/137.0.0.0 Mobile Safari/537.36" "-"
90.166.55.0 - - [09/Jun/2025:10:16:10 +0200] "GET /api/pedido?cod=9876543210&ca=1 HTTP/1.1" 200 350 formacion-web.com "https://formacion-web.com/tienda" "Mozilla/5.0 (Linux; Android 10; K) AppleWebKit/537.36 (KHTML, like Gecko) Chrome/137.0.0.0 Mobile Safari/537.36" "-"
31.4.136.0 - - [09/Jun/2025:10:16:11 +0200] "GET /img/icons/screenshots/screen-mobile.png HTTP/1.1" 200 192583 formacion-web.com "https://formacion-web.com/" "Mozilla/5.0 (Linux; Android 10; K) AppleWebKit/537.36 (KHTML, like Gecko) Chrome/137.0.0.0 Mobile Safari/537.36" "-"
90.166.55.0 - - [09/Jun/2025:10:16:23 +0200] "GET /api/pedido?cod=9876543210&ca=9 HTTP/1.1" 200 353 formacion-web.com "https://formacion-web.com/tienda" "Mozilla/5.0 (Linux; Android 10; K) AppleWebKit/537.36 (KHTML, like Gecko) Chrome/137.0.0.0 Mobile Safari/537.36" "-"
79.116.243.0 - - [09/Jun/2025:10:16:27 +0200] "GET /img/icons/windows11/LargeTile.scale-125.png HTTP/1.1" 200 75578 formacion-web.com "-" "Mozilla/5.0 (Linux; Android 10; K) AppleWebKit/537.36 (KHTML, like Gecko) Chrome/122.0.0.0 Mobile Safari/537.36" "-"
172.253.192.0 - - [09/Jun/2025:10:16:29 +0200] "GET /?source=pwa HTTP/1.1" 200 3449 formacion-web.com "https://www.google.com/" "Mozilla/5.0 (Linux; Android 10; K) AppleWebKit/537.36 (KHTML, like Gecko) Chrome/136.0.7103.88 Mobile Safari/537.36" "-"
46.6.26.0 - - [09/Jun/2025:10:16:29 +0200] "GET /img/icons/windows11/LargeTile.scale-125.png HTTP/1.1" 200 75578 formacion-web.com "-" "Mozilla/5.0 (Linux; Android 10; K) AppleWebKit/537.36 (KHTML, like Gecko) Chrome/137.0.0.0 Mobile Safari/537.36" "-"
172.253.192.0 - - [09/Jun/2025:10:16:29 +0200] "GET /css/styles.min.css HTTP/1.1" 200 15032 formacion-web.com "https://formacion-web.com/?source=pwa" "Mozilla/5.0 (Linux; Android 10; K) AppleWebKit/537.36 (KHTML, like Gecko) Chrome/136.0.7103.88 Mobile Safari/537.36" "-"
172.253.192.0 - - [09/Jun/2025:10:16:29 +0200] "GET /js/index.min.js HTTP/1.1" 200 - formacion-web.com "https://formacion-web.com/?source=pwa" "Mozilla/5.0 (Linux; Android 10; K) AppleWebKit/537.36 (KHTML, like Gecko) Chrome/136.0.7103.88 Mobile Safari/537.36" "-"
172.253.192.0 - - [09/Jun/2025:10:16:29 +0200] "GET /js/popover.min.js HTTP/1.1" 200 735 formacion-web.com "https://formacion-web.com/?source=pwa" "Mozilla/5.0 (Linux; Android 10; K) AppleWebKit/537.36 (KHTML, like Gecko) Chrome/136.0.7103.88 Mobile Safari/537.36" "-"
172.253.192.0 - - [09/Jun/2025:10:16:29 +0200] "GET /js/header.min.js HTTP/1.1" 200 349 formacion-web.com "https://formacion-web.com/?source=pwa" "Mozilla/5.0 (Linux; Android 10; K) AppleWebKit/537.36 (KHTML, like Gecko) Chrome/136.0.7103.88 Mobile Safari/537.36" "-"
172.253.192.0 - - [09/Jun/2025:10:16:29 +0200] "GET /js/navigator.min.js HTTP/1.1" 200 477 formacion-web.com "https://formacion-web.com/?source=pwa" "Mozilla/5.0 (Linux; Android 10; K) AppleWebKit/537.36 (KHTML, like Gecko) Chrome/136.0.7103.88 Mobile Safari/537.36" "-"
172.253.192.0 - - [09/Jun/2025:10:16:29 +0200] "GET /videos/video.mp4 HTTP/1.1" 206 24497914 formacion-web.com "https://formacion-web.com/?source=pwa" "Mozilla/5.0 (Linux; Android 10; K) AppleWebKit/537.36 (KHTML, like Gecko) Chrome/136.0.7103.88 Mobile Safari/537.36" "-"
172.253.192.0 - - [09/Jun/2025:10:16:31 +0200] "GET /img/logo.png HTTP/1.1" 200 131330 formacion-web.com "https://formacion-web.com/css/styles.min.css" "Mozilla/5.0 (Linux; Android 10; K) AppleWebKit/537.36 (KHTML, like Gecko) Chrome/136.0.7103.88 Mobile Safari/537.36" "-"
31.4.136.0 - - [09/Jun/2025:10:16:32 +0200] "GET /img/icons/windows11/LargeTile.scale-125.png HTTP/1.1" 200 75578 formacion-web.com "-" "Mozilla/5.0 (Linux; Android 10; K) AppleWebKit/537.36 (KHTML, like Gecko) Chrome/137.0.0.0 Mobile Safari/537.36" "-"
46.6.26.0 - - [09/Jun/2025:10:16:35 +0200] "GET /img/avatares/youngpeople.png HTTP/1.1" 200 131330 formacion-web.com "https://formacion-web.com/" "Mozilla/5.0 (iPhone; CPU iPhone OS 15_8_4 like Mac OS X) AppleWebKit/605.1.15 (KHTML, like Gecko) Version/15.6.7 Mobile/15E148 Safari/604.1" "-"
66.102.9.0 - - [09/Jun/2025:10:16:38 +0200] "GET /.well-known/assetlinks.json HTTP/1.1" 200 3373 formacion-web.com "-" "GoogleAssociationService" "-"
66.102.9.0 - - [09/Jun/2025:10:16:38 +0200] "GET /.well-known/assetlinks.json HTTP/1.1" 200 3373 formacion-web.com "-" "GoogleAssociationService" "-"
46.6.26.0 - - [09/Jun/2025:10:16:42 +0200] "GET /favicon.ico HTTP/1.1" 200 54732 formacion-web.com "-" "Mozilla/5.0 (Macintosh; Intel Mac OS X 10_11_1) AppleWebKit/601.2.4 (KHTML, like Gecko) Version/9.0.1 Safari/601.2.4 facebookexternalhit/1.1 Facebot Twitterbot/1.0" "-"
46.6.26.0 - - [09/Jun/2025:10:16:42 +0200] "GET /img/avatares/youngpeople.png HTTP/1.1" 200 131330 formacion-web.com "-" "Mozilla/5.0 (Macintosh; Intel Mac OS X 10_11_1) AppleWebKit/601.2.4 (KHTML, like Gecko) Version/9.0.1 Safari/601.2.4 facebookexternalhit/1.1 Facebot Twitterbot/1.0" "-"
46.6.26.0 - - [09/Jun/2025:10:16:42 +0200] "GET /img/avatares/youngpeople.png HTTP/1.1" 200 131330 formacion-web.com "-" "Mozilla/5.0 (Macintosh; Intel Mac OS X 10_11_1) AppleWebKit/601.2.4 (KHTML, like Gecko) Version/9.0.1 Safari/601.2.4 facebookexternalhit/1.1 Facebot Twitterbot/1.0" "-"
46.6.26.0 - - [09/Jun/2025:10:16:42 +0200] "GET /apple-touch-icon.png HTTP/1.1" 200 3373 formacion-web.com "-" "Mozilla/5.0 (Macintosh; Intel Mac OS X 10_11_1) AppleWebKit/601.2.4 (KHTML, like Gecko) Version/9.0.1 Safari/601.2.4 facebookexternalhit/1.1 Facebot Twitterbot/1.0" "-"
46.6.26.0 - - [09/Jun/2025:10:16:42 +0200] "GET /apple-touch-icon-precomposed.png HTTP/1.1" 200 3373 formacion-web.com "-" "Mozilla/5.0 (Macintosh; Intel Mac OS X 10_11_1) AppleWebKit/601.2.4 (KHTML, like Gecko) Version/9.0.1 Safari/601.2.4 facebookexternalhit/1.1 Facebot Twitterbot/1.0" "-"
46.6.26.0 - - [09/Jun/2025:10:16:44 +0200] "GET / HTTP/1.1" 200 3449 formacion-web.com "-" "Mozilla/5.0 (Linux; Android 10; K) AppleWebKit/537.36 (KHTML, like Gecko) Chrome/137.0.0.0 Mobile Safari/537.36" "-"
79.117.87.0 - - [09/Jun/2025:10:16:51 +0200] "GET / HTTP/1.1" 200 3449 formacion-web.com "-" "Mozilla/5.0 (Linux; Android 10; K) AppleWebKit/537.36 (KHTML, like Gecko) Chrome/137.0.0.0 Mobile Safari/537.36" "-"
79.117.87.0 - - [09/Jun/2025:10:16:52 +0200] "GET /css/styles.min.css HTTP/1.1" 200 15032 formacion-web.com "https://formacion-web.com/" "Mozilla/5.0 (Linux; Android 10; K) AppleWebKit/537.36 (KHTML, like Gecko) Chrome/137.0.0.0 Mobile Safari/537.36" "-"
79.117.87.0 - - [09/Jun/2025:10:16:52 +0200] "GET /js/index.min.js HTTP/1.1" 200 - formacion-web.com "https://formacion-web.com/" "Mozilla/5.0 (Linux; Android 10; K) AppleWebKit/537.36 (KHTML, like Gecko) Chrome/137.0.0.0 Mobile Safari/537.36" "-"
79.117.87.0 - - [09/Jun/2025:10:16:52 +0200] "GET /js/header.min.js HTTP/1.1" 200 349 formacion-web.com "https://formacion-web.com/" "Mozilla/5.0 (Linux; Android 10; K) AppleWebKit/537.36 (KHTML, like Gecko) Chrome/137.0.0.0 Mobile Safari/537.36" "-"
79.117.87.0 - - [09/Jun/2025:10:16:52 +0200] "GET /js/popover.min.js HTTP/1.1" 200 735 formacion-web.com "https://formacion-web.com/" "Mozilla/5.0 (Linux; Android 10; K) AppleWebKit/537.36 (KHTML, like Gecko) Chrome/137.0.0.0 Mobile Safari/537.36" "-"
79.117.87.0 - - [09/Jun/2025:10:16:52 +0200] "GET /js/navigator.min.js HTTP/1.1" 200 477 formacion-web.com "https://formacion-web.com/" "Mozilla/5.0 (Linux; Android 10; K) AppleWebKit/537.36 (KHTML, like Gecko) Chrome/137.0.0.0 Mobile Safari/537.36" "-"
79.117.87.0 - - [09/Jun/2025:10:16:52 +0200] "GET /img/logo.png HTTP/1.1" 200 131330 formacion-web.com "https://formacion-web.com/css/styles.min.css" "Mozilla/5.0 (Linux; Android 10; K) AppleWebKit/537.36 (KHTML, like Gecko) Chrome/137.0.0.0 Mobile Safari/537.36" "-"
79.117.87.0 - - [09/Jun/2025:10:16:52 +0200] "GET /videos/video.mp4 HTTP/1.1" 206 24497914 formacion-web.com "https://formacion-web.com/" "Mozilla/5.0 (Linux; Android 10; K) AppleWebKit/537.36 (KHTML, like Gecko) Chrome/137.0.0.0 Mobile Safari/537.36" "-"
66.102.9.0 - - [09/Jun/2025:10:16:53 +0200] "GET /.well-known/assetlinks.json HTTP/1.1" 200 3373 formacion-web.com "-" "GoogleAssociationService" "-"
66.249.93.0 - - [09/Jun/2025:10:16:53 +0200] "GET /.well-known/assetlinks.json HTTP/1.1" 200 3373 formacion-web.com "-" "GoogleAssociationService" "-"
46.6.26.0 - - [09/Jun/2025:10:16:53 +0200] "GET /?source=pwa HTTP/1.1" 200 3449 formacion-web.com "-" "Mozilla/5.0 (Linux; Android 10; K) AppleWebKit/537.36 (KHTML, like Gecko) Chrome/137.0.0.0 Mobile Safari/537.36" "-"
79.117.87.0 - - [09/Jun/2025:10:16:54 +0200] "GET /img/avatares/youngpeople.png HTTP/1.1" 200 131330 formacion-web.com "https://formacion-web.com/" "Mozilla/5.0 (Linux; Android 10; K) AppleWebKit/537.36 (KHTML, like Gecko) Chrome/137.0.0.0 Mobile Safari/537.36" "-"
90.166.55.0 - - [09/Jun/2025:10:16:54 +0200] "GET /api/productos?detalles=7285031383967 HTTP/1.1" 200 418 formacion-web.com "https://formacion-web.com/tienda" "Mozilla/5.0 (Linux; Android 10; K) AppleWebKit/537.36 (KHTML, like Gecko) Chrome/137.0.0.0 Mobile Safari/537.36" "-"
66.249.93.0 - - [09/Jun/2025:10:16:56 +0200] "GET /.well-known/assetlinks.json HTTP/1.1" 200 3373 formacion-web.com "-" "GoogleAssociationService" "-"
66.102.9.0 - - [09/Jun/2025:10:16:56 +0200] "GET /.well-known/assetlinks.json HTTP/1.1" 200 3373 formacion-web.com "-" "GoogleAssociationService" "-"
90.166.55.0 - - [09/Jun/2025:10:16:56 +0200] "GET /api/pedido?cod=7285031383967&ca=1 HTTP/1.1" 200 561 formacion-web.com "https://formacion-web.com/tienda" "Mozilla/5.0 (Linux; Android 10; K) AppleWebKit/537.36 (KHTML, like Gecko) Chrome/137.0.0.0 Mobile Safari/537.36" "-"
90.166.55.0 - - [09/Jun/2025:10:17:00 +0200] "GET /api/productos?detalles=9143792198318 HTTP/1.1" 200 456 formacion-web.com "https://formacion-web.com/tienda" "Mozilla/5.0 (Linux; Android 10; K) AppleWebKit/537.36 (KHTML, like Gecko) Chrome/137.0.0.0 Mobile Safari/537.36" "-"
90.166.55.0 - - [09/Jun/2025:10:17:02 +0200] "GET /api/pedido?cod=9143792198318&ca=1 HTTP/1.1" 200 797 formacion-web.com "https://formacion-web.com/tienda" "Mozilla/5.0 (Linux; Android 10; K) AppleWebKit/537.36 (KHTML, like Gecko) Chrome/137.0.0.0 Mobile Safari/537.36" "-"
46.6.26.0 - - [09/Jun/2025:10:17:10 +0200] "GET /tienda HTTP/1.1" 200 4769 formacion-web.com "https://formacion-web.com/?source=pwa" "Mozilla/5.0 (Linux; Android 10; K) AppleWebKit/537.36 (KHTML, like Gecko) Chrome/137.0.0.0 Mobile Safari/537.36" "-"
46.6.26.0 - - [09/Jun/2025:10:17:10 +0200] "GET /api/productos HTTP/1.1" 200 21132 formacion-web.com "https://formacion-web.com/tienda" "Mozilla/5.0 (Linux; Android 10; K) AppleWebKit/537.36 (KHTML, like Gecko) Chrome/137.0.0.0 Mobile Safari/537.36" "-"
90.166.19.0 - - [09/Jun/2025:10:17:10 +0200] "GET / HTTP/1.1" 200 3449 formacion-web.com "android-app://com.google.android.googlequicksearchbox/" "Mozilla/5.0 (Linux; Android 10; K) AppleWebKit/537.36 (KHTML, like Gecko) Chrome/137.0.0.0 Mobile Safari/537.36" "-"
90.166.19.0 - - [09/Jun/2025:10:17:12 +0200] "GET /css/styles.min.css HTTP/1.1" 200 15032 formacion-web.com "https://formacion-web.com/" "Mozilla/5.0 (Linux; Android 10; K) AppleWebKit/537.36 (KHTML, like Gecko) Chrome/137.0.0.0 Mobile Safari/537.36" "-"
90.166.19.0 - - [09/Jun/2025:10:17:12 +0200] "GET /js/index.min.js HTTP/1.1" 200 - formacion-web.com "https://formacion-web.com/" "Mozilla/5.0 (Linux; Android 10; K) AppleWebKit/537.36 (KHTML, like Gecko) Chrome/137.0.0.0 Mobile Safari/537.36" "-"
90.166.19.0 - - [09/Jun/2025:10:17:12 +0200] "GET /js/header.min.js HTTP/1.1" 200 349 formacion-web.com "https://formacion-web.com/" "Mozilla/5.0 (Linux; Android 10; K) AppleWebKit/537.36 (KHTML, like Gecko) Chrome/137.0.0.0 Mobile Safari/537.36" "-"
90.166.19.0 - - [09/Jun/2025:10:17:12 +0200] "GET /js/popover.min.js HTTP/1.1" 200 735 formacion-web.com "https://formacion-web.com/" "Mozilla/5.0 (Linux; Android 10; K) AppleWebKit/537.36 (KHTML, like Gecko) Chrome/137.0.0.0 Mobile Safari/537.36" "-"
90.166.19.0 - - [09/Jun/2025:10:17:12 +0200] "GET /js/navigator.min.js HTTP/1.1" 200 477 formacion-web.com "https://formacion-web.com/" "Mozilla/5.0 (Linux; Android 10; K) AppleWebKit/537.36 (KHTML, like Gecko) Chrome/137.0.0.0 Mobile Safari/537.36" "-"
90.166.19.0 - - [09/Jun/2025:10:17:12 +0200] "GET /img/logo.png HTTP/1.1" 200 131330 formacion-web.com "https://formacion-web.com/css/styles.min.css" "Mozilla/5.0 (Linux; Android 10; K) AppleWebKit/537.36 (KHTML, like Gecko) Chrome/137.0.0.0 Mobile Safari/537.36" "-"
90.166.19.0 - - [09/Jun/2025:10:17:12 +0200] "GET /videos/video.mp4 HTTP/1.1" 206 24497914 formacion-web.com "https://formacion-web.com/" "Mozilla/5.0 (Linux; Android 10; K) AppleWebKit/537.36 (KHTML, like Gecko) Chrome/137.0.0.0 Mobile Safari/537.36" "-"
79.116.243.0 - - [09/Jun/2025:10:17:16 +0200] "GET /?source=pwa HTTP/1.1" 200 3449 formacion-web.com "-" "Mozilla/5.0 (Linux; Android 10; K) AppleWebKit/537.36 (KHTML, like Gecko) Chrome/122.0.0.0 Mobile Safari/537.36" "-"
90.166.19.0 - - [09/Jun/2025:10:17:19 +0200] "GET / HTTP/1.1" 200 3449 formacion-web.com "android-app://com.google.android.googlequicksearchbox/" "Mozilla/5.0 (Linux; Android 10; K) AppleWebKit/537.36 (KHTML, like Gecko) Chrome/137.0.0.0 Mobile Safari/537.36" "-"
90.166.19.0 - - [09/Jun/2025:10:17:22 +0200] "GET /img/logo.png HTTP/1.1" 200 131330 formacion-web.com "https://formacion-web.com/css/styles.min.css" "Mozilla/5.0 (Linux; Android 10; K) AppleWebKit/537.36 (KHTML, like Gecko) Chrome/137.0.0.0 Mobile Safari/537.36" "-"
90.166.19.0 - - [09/Jun/2025:10:17:22 +0200] "GET /videos/video.mp4 HTTP/1.1" 206 21287018 formacion-web.com "https://formacion-web.com/" "Mozilla/5.0 (Linux; Android 10; K) AppleWebKit/537.36 (KHTML, like Gecko) Chrome/137.0.0.0 Mobile Safari/537.36" "-"
90.166.19.0 - - [09/Jun/2025:10:17:22 +0200] "GET /img/avatares/youngpeople.png HTTP/1.1" 200 131330 formacion-web.com "https://formacion-web.com/" "Mozilla/5.0 (Linux; Android 10; K) AppleWebKit/537.36 (KHTML, like Gecko) Chrome/137.0.0.0 Mobile Safari/537.36" "-"
90.166.19.0 - - [09/Jun/2025:10:17:22 +0200] "GET /manifest.json HTTP/1.1" 200 12674 formacion-web.com "https://formacion-web.com/" "Mozilla/5.0 (Linux; Android 10; K) AppleWebKit/537.36 (KHTML, like Gecko) Chrome/137.0.0.0 Mobile Safari/537.36" "-"
90.166.19.0 - - [09/Jun/2025:10:17:23 +0200] "GET /img/icons/ios/144.png HTTP/1.1" 200 18684 formacion-web.com "https://formacion-web.com/" "Mozilla/5.0 (Linux; Android 10; K) AppleWebKit/537.36 (KHTML, like Gecko) Chrome/137.0.0.0 Mobile Safari/537.36" "-"
90.166.19.0 - - [09/Jun/2025:10:17:25 +0200] "GET /img/icons/screenshots/screen-mobile.png HTTP/1.1" 200 192583 formacion-web.com "https://formacion-web.com/" "Mozilla/5.0 (Linux; Android 10; K) AppleWebKit/537.36 (KHTML, like Gecko) Chrome/137.0.0.0 Mobile Safari/537.36" "-"
90.166.55.0 - - [09/Jun/2025:10:17:29 +0200] "GET /img/icons/windows11/LargeTile.scale-125.png HTTP/1.1" 200 75578 formacion-web.com "-" "Mozilla/5.0 (Linux; Android 10; K) AppleWebKit/537.36 (KHTML, like Gecko) Chrome/137.0.0.0 Mobile Safari/537.36" "-"
46.6.26.0 - - [09/Jun/2025:10:17:31 +0200] "GET / HTTP/1.1" 200 3449 formacion-web.com "https://formacion-web.com/tienda" "Mozilla/5.0 (Linux; Android 10; K) AppleWebKit/537.36 (KHTML, like Gecko) Chrome/137.0.0.0 Mobile Safari/537.36" "-"
79.116.243.0 - - [09/Jun/2025:10:17:36 +0200] "GET /?source=pwa HTTP/1.1" 200 3449 formacion-web.com "-" "Mozilla/5.0 (Linux; Android 10; K) AppleWebKit/537.36 (KHTML, like Gecko) Chrome/122.0.0.0 Mobile Safari/537.36" "-"
90.166.55.0 - - [09/Jun/2025:10:17:43 +0200] "GET / HTTP/1.1" 200 3481 formacion-web.com "https://formacion-web.com/tienda" "Mozilla/5.0 (Linux; Android 10; K) AppleWebKit/537.36 (KHTML, like Gecko) Chrome/137.0.0.0 Mobile Safari/537.36" "-"
90.166.55.0 - - [09/Jun/2025:10:17:43 +0200] "GET /videos/video.mp4 HTTP/1.1" 206 18272362 formacion-web.com "https://formacion-web.com/" "Mozilla/5.0 (Linux; Android 10; K) AppleWebKit/537.36 (KHTML, like Gecko) Chrome/137.0.0.0 Mobile Safari/537.36" "-"
31.4.136.0 - - [09/Jun/2025:10:17:47 +0200] "GET / HTTP/1.1" 200 3449 formacion-web.com "-" "Mozilla/5.0 (Linux; Android 10; K) AppleWebKit/537.36 (KHTML, like Gecko) Chrome/137.0.0.0 Mobile Safari/537.36" "-"
66.102.9.0 - - [09/Jun/2025:10:17:50 +0200] "GET /.well-known/assetlinks.json HTTP/1.1" 200 3373 formacion-web.com "-" "GoogleAssociationService" "-"
66.102.9.0 - - [09/Jun/2025:10:17:50 +0200] "GET /.well-known/assetlinks.json HTTP/1.1" 200 3373 formacion-web.com "-" "GoogleAssociationService" "-"
46.6.26.0 - - [09/Jun/2025:10:17:57 +0200] "GET /tienda HTTP/1.1" 200 4769 formacion-web.com "https://formacion-web.com/?source=pwa" "Mozilla/5.0 (Linux; Android 10; K) AppleWebKit/537.36 (KHTML, like Gecko) Chrome/137.0.0.0 Mobile Safari/537.36" "-"
2a06:98c0:3600:: - - [09/Jun/2025:10:17:57 +0200] "GET /wp-admin/setup-config.php HTTP/1.1" 301 259 formacion-web.com "-" "Mozilla/5.0 (Windows NT 10.0; Win64; x64) AppleWebKit/537.36 (KHTML, like Gecko) Chrome/137.0.0.0 Safari/537.36" "-"
2a06:98c0:3600:: - - [09/Jun/2025:10:17:57 +0200] "GET /wp-admin/setup-config.php HTTP/1.1" 200 3373 formacion-web.com "-" "Mozilla/5.0 (Windows NT 10.0; Win64; x64) AppleWebKit/537.36 (KHTML, like Gecko) Chrome/137.0.0.0 Safari/537.36" "-"
90.166.55.0 - - [09/Jun/2025:10:17:57 +0200] "GET / HTTP/1.1" 200 3481 formacion-web.com "https://formacion-web.com/tienda" "Mozilla/5.0 (Linux; Android 10; K) AppleWebKit/537.36 (KHTML, like Gecko) Chrome/137.0.0.0 Mobile Safari/537.36" "-"
90.166.55.0 - - [09/Jun/2025:10:17:59 +0200] "GET /tienda HTTP/1.1" 200 4855 formacion-web.com "https://formacion-web.com/" "Mozilla/5.0 (Linux; Android 10; K) AppleWebKit/537.36 (KHTML, like Gecko) Chrome/137.0.0.0 Mobile Safari/537.36" "-"
90.166.55.0 - - [09/Jun/2025:10:17:59 +0200] "GET /api/pedido HTTP/1.1" 200 797 formacion-web.com "https://formacion-web.com/tienda" "Mozilla/5.0 (Linux; Android 10; K) AppleWebKit/537.36 (KHTML, like Gecko) Chrome/137.0.0.0 Mobile Safari/537.36" "-"
90.166.55.0 - - [09/Jun/2025:10:18:03 +0200] "GET /?source=pwa HTTP/1.1" 200 3481 formacion-web.com "-" "Mozilla/5.0 (Linux; Android 10; K) AppleWebKit/537.36 (KHTML, like Gecko) Chrome/137.0.0.0 Mobile Safari/537.36" "-"
79.117.87.0 - - [09/Jun/2025:10:18:06 +0200] "GET / HTTP/1.1" 200 3449 formacion-web.com "-" "Mozilla/5.0 (Linux; Android 10; K) AppleWebKit/537.36 (KHTML, like Gecko) Chrome/137.0.0.0 Mobile Safari/537.36" "-"
79.117.87.0 - - [09/Jun/2025:10:18:06 +0200] "GET /js/navigator.min.js HTTP/1.1" 200 477 formacion-web.com "https://formacion-web.com/" "Mozilla/5.0 (Linux; Android 10; K) AppleWebKit/537.36 (KHTML, like Gecko) Chrome/137.0.0.0 Mobile Safari/537.36" "-"
79.117.87.0 - - [09/Jun/2025:10:18:06 +0200] "GET /js/popover.min.js HTTP/1.1" 200 735 formacion-web.com "https://formacion-web.com/" "Mozilla/5.0 (Linux; Android 10; K) AppleWebKit/537.36 (KHTML, like Gecko) Chrome/137.0.0.0 Mobile Safari/537.36" "-"
79.117.87.0 - - [09/Jun/2025:10:18:06 +0200] "GET /js/header.min.js HTTP/1.1" 200 349 formacion-web.com "https://formacion-web.com/" "Mozilla/5.0 (Linux; Android 10; K) AppleWebKit/537.36 (KHTML, like Gecko) Chrome/137.0.0.0 Mobile Safari/537.36" "-"
79.117.87.0 - - [09/Jun/2025:10:18:06 +0200] "GET /js/index.min.js HTTP/1.1" 200 - formacion-web.com "https://formacion-web.com/" "Mozilla/5.0 (Linux; Android 10; K) AppleWebKit/537.36 (KHTML, like Gecko) Chrome/137.0.0.0 Mobile Safari/537.36" "-"
79.117.87.0 - - [09/Jun/2025:10:18:06 +0200] "GET /css/styles.min.css HTTP/1.1" 200 15032 formacion-web.com "https://formacion-web.com/" "Mozilla/5.0 (Linux; Android 10; K) AppleWebKit/537.36 (KHTML, like Gecko) Chrome/137.0.0.0 Mobile Safari/537.36" "-"
79.117.87.0 - - [09/Jun/2025:10:18:06 +0200] "GET /videos/video.mp4 HTTP/1.1" 206 24497914 formacion-web.com "https://formacion-web.com/" "Mozilla/5.0 (Linux; Android 10; K) AppleWebKit/537.36 (KHTML, like Gecko) Chrome/137.0.0.0 Mobile Safari/537.36" "-"
79.117.87.0 - - [09/Jun/2025:10:18:07 +0200] "GET /img/logo.png HTTP/1.1" 200 131330 formacion-web.com "https://formacion-web.com/css/styles.min.css" "Mozilla/5.0 (Linux; Android 10; K) AppleWebKit/537.36 (KHTML, like Gecko) Chrome/137.0.0.0 Mobile Safari/537.36" "-"
79.117.87.0 - - [09/Jun/2025:10:18:07 +0200] "GET /img/avatares/youngpeople.png HTTP/1.1" 200 131330 formacion-web.com "https://formacion-web.com/" "Mozilla/5.0 (Linux; Android 10; K) AppleWebKit/537.36 (KHTML, like Gecko) Chrome/137.0.0.0 Mobile Safari/537.36" "-"
79.117.87.0 - - [09/Jun/2025:10:18:07 +0200] "GET /manifest.json HTTP/1.1" 200 12674 formacion-web.com "https://formacion-web.com/" "Mozilla/5.0 (Linux; Android 10; K) AppleWebKit/537.36 (KHTML, like Gecko) Chrome/137.0.0.0 Mobile Safari/537.36" "-"
79.117.87.0 - - [09/Jun/2025:10:18:07 +0200] "GET /img/icons/windows11/SmallTile.scale-200.png HTTP/1.1" 200 18270 formacion-web.com "https://formacion-web.com/" "Mozilla/5.0 (Linux; Android 10; K) AppleWebKit/537.36 (KHTML, like Gecko) Chrome/137.0.0.0 Mobile Safari/537.36" "-"
79.117.87.0 - - [09/Jun/2025:10:18:07 +0200] "GET /img/icons/screenshots/screen-mobile.png HTTP/1.1" 200 192583 formacion-web.com "https://formacion-web.com/" "Mozilla/5.0 (Linux; Android 10; K) AppleWebKit/537.36 (KHTML, like Gecko) Chrome/137.0.0.0 Mobile Safari/537.36" "-"
46.6.26.0 - - [09/Jun/2025:10:18:08 +0200] "GET / HTTP/1.1" 200 3449 formacion-web.com "https://formacion-web.com/tienda" "Mozilla/5.0 (Linux; Android 10; K) AppleWebKit/537.36 (KHTML, like Gecko) Chrome/137.0.0.0 Mobile Safari/537.36" "-"
31.4.136.0 - - [09/Jun/2025:10:18:17 +0200] "GET /?source=pwa HTTP/1.1" 200 3449 formacion-web.com "-" "Mozilla/5.0 (Linux; Android 10; K) AppleWebKit/537.36 (KHTML, like Gecko) Chrome/137.0.0.0 Mobile Safari/537.36" "-"
90.166.55.0 - - [09/Jun/2025:10:18:19 +0200] "GET /videos/video.mp4 HTTP/1.1" 206 1429242 formacion-web.com "https://formacion-web.com/?source=pwa" "Mozilla/5.0 (Linux; Android 10; K) AppleWebKit/537.36 (KHTML, like Gecko) Chrome/137.0.0.0 Mobile Safari/537.36" "-"
90.166.19.0 - - [09/Jun/2025:10:18:24 +0200] "GET / HTTP/1.1" 200 3449 formacion-web.com "android-app://com.google.android.googlequicksearchbox/" "Mozilla/5.0 (Linux; Android 10; K) AppleWebKit/537.36 (KHTML, like Gecko) Chrome/137.0.0.0 Mobile Safari/537.36" "-"
54.81.212.0 - - [09/Jun/2025:10:18:24 +0200] "GET / HTTP/1.1" 301 234 formacion-web.com "-" "Mozilla/5.0 (Windows NT 10.0; Win64; x64) AppleWebKit/537.36 (KHTML, like Gecko) Chrome/103.0.5060.66 Safari/537.36 Edg/103.0.1264.44" "-"
54.81.212.0 - - [09/Jun/2025:10:18:25 +0200] "GET / HTTP/1.1" 200 3449 formacion-web.com "-" "Mozilla/5.0 (Windows NT 10.0; Win64; x64) AppleWebKit/537.36 (KHTML, like Gecko) Chrome/103.0.5060.66 Safari/537.36 Edg/103.0.1264.44" "-"
54.81.212.0 - - [09/Jun/2025:10:18:25 +0200] "GET /css/styles.min.css HTTP/1.1" 200 15032 formacion-web.com "https://formacion-web.com/" "Mozilla/5.0 (Windows NT 10.0; Win64; x64) AppleWebKit/537.36 (KHTML, like Gecko) Chrome/103.0.5060.66 Safari/537.36 Edg/103.0.1264.44" "-"
54.81.212.0 - - [09/Jun/2025:10:18:25 +0200] "GET /js/index.min.js HTTP/1.1" 200 - formacion-web.com "https://formacion-web.com/" "Mozilla/5.0 (Windows NT 10.0; Win64; x64) AppleWebKit/537.36 (KHTML, like Gecko) Chrome/103.0.5060.66 Safari/537.36 Edg/103.0.1264.44" "-"
54.81.212.0 - - [09/Jun/2025:10:18:25 +0200] "GET /js/navigator.min.js HTTP/1.1" 200 477 formacion-web.com "https://formacion-web.com/" "Mozilla/5.0 (Windows NT 10.0; Win64; x64) AppleWebKit/537.36 (KHTML, like Gecko) Chrome/103.0.5060.66 Safari/537.36 Edg/103.0.1264.44" "-"
54.81.212.0 - - [09/Jun/2025:10:18:25 +0200] "GET /js/header.min.js HTTP/1.1" 200 349 formacion-web.com "https://formacion-web.com/" "Mozilla/5.0 (Windows NT 10.0; Win64; x64) AppleWebKit/537.36 (KHTML, like Gecko) Chrome/103.0.5060.66 Safari/537.36 Edg/103.0.1264.44" "-"
54.81.212.0 - - [09/Jun/2025:10:18:25 +0200] "GET /img/logo.png HTTP/1.1" 200 131330 formacion-web.com "https://formacion-web.com/" "Mozilla/5.0 (Windows NT 10.0; Win64; x64) AppleWebKit/537.36 (KHTML, like Gecko) Chrome/103.0.5060.66 Safari/537.36 Edg/103.0.1264.44" "-"
54.81.212.0 - - [09/Jun/2025:10:18:25 +0200] "GET /js/popover.min.js HTTP/1.1" 200 735 formacion-web.com "https://formacion-web.com/" "Mozilla/5.0 (Windows NT 10.0; Win64; x64) AppleWebKit/537.36 (KHTML, like Gecko) Chrome/103.0.5060.66 Safari/537.36 Edg/103.0.1264.44" "-"
52.90.205.0 - - [09/Jun/2025:10:18:26 +0200] "GET /img/avatares/youngpeople.png HTTP/1.1" 200 131330 formacion-web.com "-" "Mozilla/5.0 (Windows NT 6.3; WOW64; rv:38.0) Gecko/20100101 Firefox/38.0" "-"
52.90.205.0 - - [09/Jun/2025:10:18:27 +0200] "GET /favicon.ico HTTP/1.1" 200 54732 formacion-web.com "-" "Mozilla/5.0 (Windows NT 6.3; WOW64; rv:38.0) Gecko/20100101 Firefox/38.0" "-"
54.224.171.0 - - [09/Jun/2025:10:18:28 +0200] "GET / HTTP/1.1" 301 234 formacion-web.com "-" "Mozilla/5.0 (iPhone; CPU iPhone OS 12_2 like Mac OS X) AppleWebKit/605.1.15 (KHTML, like Gecko) Mobile/15E148" "-"
54.224.171.0 - - [09/Jun/2025:10:18:28 +0200] "GET / HTTP/1.1" 200 3449 formacion-web.com "-" "Mozilla/5.0 (iPhone; CPU iPhone OS 12_2 like Mac OS X) AppleWebKit/605.1.15 (KHTML, like Gecko) Mobile/15E148" "-"
54.224.171.0 - - [09/Jun/2025:10:18:28 +0200] "GET /css/styles.min.css HTTP/1.1" 200 15032 formacion-web.com "https://formacion-web.com/" "Mozilla/5.0 (iPhone; CPU iPhone OS 12_2 like Mac OS X) AppleWebKit/605.1.15 (KHTML, like Gecko) Mobile/15E148" "-"
54.224.171.0 - - [09/Jun/2025:10:18:28 +0200] "GET /js/header.min.js HTTP/1.1" 200 349 formacion-web.com "https://formacion-web.com/" "Mozilla/5.0 (iPhone; CPU iPhone OS 12_2 like Mac OS X) AppleWebKit/605.1.15 (KHTML, like Gecko) Mobile/15E148" "-"
54.224.171.0 - - [09/Jun/2025:10:18:28 +0200] "GET /js/index.min.js HTTP/1.1" 200 - formacion-web.com "https://formacion-web.com/" "Mozilla/5.0 (iPhone; CPU iPhone OS 12_2 like Mac OS X) AppleWebKit/605.1.15 (KHTML, like Gecko) Mobile/15E148" "-"
54.224.171.0 - - [09/Jun/2025:10:18:28 +0200] "GET /js/popover.min.js HTTP/1.1" 200 735 formacion-web.com "https://formacion-web.com/" "Mozilla/5.0 (iPhone; CPU iPhone OS 12_2 like Mac OS X) AppleWebKit/605.1.15 (KHTML, like Gecko) Mobile/15E148" "-"
54.224.171.0 - - [09/Jun/2025:10:18:28 +0200] "GET /js/navigator.min.js HTTP/1.1" 200 477 formacion-web.com "https://formacion-web.com/" "Mozilla/5.0 (iPhone; CPU iPhone OS 12_2 like Mac OS X) AppleWebKit/605.1.15 (KHTML, like Gecko) Mobile/15E148" "-"
54.224.171.0 - - [09/Jun/2025:10:18:28 +0200] "GET /img/logo.png HTTP/1.1" 200 131330 formacion-web.com "https://formacion-web.com/" "Mozilla/5.0 (iPhone; CPU iPhone OS 12_2 like Mac OS X) AppleWebKit/605.1.15 (KHTML, like Gecko) Mobile/15E148" "-"
3.216.132.0 - - [09/Jun/2025:10:18:29 +0200] "GET /img/avatares/youngpeople.png HTTP/1.1" 200 131330 formacion-web.com "-" "Mozilla/5.0 (Windows NT 6.3; WOW64; rv:38.0) Gecko/20100101 Firefox/38.0" "-"
46.6.26.0 - - [09/Jun/2025:10:18:29 +0200] "GET /index.php HTTP/1.1" 200 3437 formacion-web.com "https://formacion-web.com/" "Mozilla/5.0 (Linux; Android 10; K) AppleWebKit/537.36 (KHTML, like Gecko) Chrome/137.0.0.0 Mobile Safari/537.36" "-"
3.216.132.0 - - [09/Jun/2025:10:18:30 +0200] "GET /favicon.ico HTTP/1.1" 200 54732 formacion-web.com "-" "Mozilla/5.0 (Windows NT 6.3; WOW64; rv:38.0) Gecko/20100101 Firefox/38.0" "-"
2a02:9130:fc00:: - - [09/Jun/2025:10:18:38 +0200] "GET / HTTP/1.1" 200 3449 formacion-web.com "-" "Mozilla/5.0 (iPhone; CPU iPhone OS 18_5_0 like Mac OS X) AppleWebKit/605.1.15 (KHTML, like Gecko) CriOS/136.0.7103.91 Mobile/15E148 Safari/604.1" "-"
2a02:9130:fc00:: - - [09/Jun/2025:10:18:38 +0200] "GET /videos/video.mp4 HTTP/1.1" 206 2 formacion-web.com "https://formacion-web.com/" "Mozilla/5.0 (iPhone; CPU iPhone OS 18_5_0 like Mac OS X) AppleWebKit/605.1.15 (KHTML, like Gecko) CriOS/136.0.7103.91 Mobile/15E148 Safari/604.1" "-"
90.166.19.0 - - [09/Jun/2025:10:18:40 +0200] "GET / HTTP/1.1" 200 3449 formacion-web.com "android-app://com.google.android.googlequicksearchbox/" "Mozilla/5.0 (Linux; Android 10; K) AppleWebKit/537.36 (KHTML, like Gecko) Chrome/137.0.0.0 Mobile Safari/537.36" "-"
46.6.26.0 - - [09/Jun/2025:10:18:45 +0200] "GET /?source=pwa HTTP/1.1" 200 3449 formacion-web.com "-" "Mozilla/5.0 (Linux; Android 10; K) AppleWebKit/537.36 (KHTML, like Gecko) Chrome/137.0.0.0 Mobile Safari/537.36" "-"
46.6.26.0 - - [09/Jun/2025:10:18:52 +0200] "GET / HTTP/1.1" 301 234 formacion-web.com "-" "Mozilla/5.0 (iPhone; CPU iPhone OS 15_5 like Mac OS X) AppleWebKit/605.1.15 (KHTML, like Gecko) Version/15.5 Mobile/15E148 Safari/604.1" "-"
46.6.26.0 - - [09/Jun/2025:10:18:57 +0200] "GET / HTTP/1.1" 200 3449 formacion-web.com "-" "Mozilla/5.0 (iPhone; CPU iPhone OS 15_5 like Mac OS X) AppleWebKit/605.1.15 (KHTML, like Gecko) Version/15.5 Mobile/15E148 Safari/604.1" "-"
79.117.87.0 - - [09/Jun/2025:10:18:58 +0200] "GET /img/icons/windows11/LargeTile.scale-125.png HTTP/1.1" 200 75578 formacion-web.com "-" "Mozilla/5.0 (Linux; Android 10; K) AppleWebKit/537.36 (KHTML, like Gecko) Chrome/137.0.0.0 Mobile Safari/537.36" "-"
46.6.26.0 - - [09/Jun/2025:10:18:59 +0200] "GET /css/styles.min.css HTTP/1.1" 200 15032 formacion-web.com "https://formacion-web.com/" "Mozilla/5.0 (iPhone; CPU iPhone OS 15_5 like Mac OS X) AppleWebKit/605.1.15 (KHTML, like Gecko) Version/15.5 Mobile/15E148 Safari/604.1" "-"
46.6.26.0 - - [09/Jun/2025:10:18:59 +0200] "GET /js/index.min.js HTTP/1.1" 200 - formacion-web.com "https://formacion-web.com/" "Mozilla/5.0 (iPhone; CPU iPhone OS 15_5 like Mac OS X) AppleWebKit/605.1.15 (KHTML, like Gecko) Version/15.5 Mobile/15E148 Safari/604.1" "-"
46.6.26.0 - - [09/Jun/2025:10:18:59 +0200] "GET /js/header.min.js HTTP/1.1" 200 349 formacion-web.com "https://formacion-web.com/" "Mozilla/5.0 (iPhone; CPU iPhone OS 15_5 like Mac OS X) AppleWebKit/605.1.15 (KHTML, like Gecko) Version/15.5 Mobile/15E148 Safari/604.1" "-"
46.6.26.0 - - [09/Jun/2025:10:18:59 +0200] "GET /js/popover.min.js HTTP/1.1" 200 735 formacion-web.com "https://formacion-web.com/" "Mozilla/5.0 (iPhone; CPU iPhone OS 15_5 like Mac OS X) AppleWebKit/605.1.15 (KHTML, like Gecko) Version/15.5 Mobile/15E148 Safari/604.1" "-"
46.6.26.0 - - [09/Jun/2025:10:18:59 +0200] "GET /js/navigator.min.js HTTP/1.1" 200 477 formacion-web.com "https://formacion-web.com/" "Mozilla/5.0 (iPhone; CPU iPhone OS 15_5 like Mac OS X) AppleWebKit/605.1.15 (KHTML, like Gecko) Version/15.5 Mobile/15E148 Safari/604.1" "-"
46.6.26.0 - - [09/Jun/2025:10:18:59 +0200] "GET /manifest.json HTTP/1.1" 200 12674 formacion-web.com "https://formacion-web.com/" "Mozilla/5.0 (iPhone; CPU iPhone OS 15_5 like Mac OS X) AppleWebKit/605.1.15 (KHTML, like Gecko) Version/15.5 Mobile/15E148 Safari/604.1" "-"
46.6.26.0 - - [09/Jun/2025:10:18:59 +0200] "GET /img/logo.png HTTP/1.1" 200 131330 formacion-web.com "https://formacion-web.com/" "Mozilla/5.0 (iPhone; CPU iPhone OS 15_5 like Mac OS X) AppleWebKit/605.1.15 (KHTML, like Gecko) Version/15.5 Mobile/15E148 Safari/604.1" "-"
46.6.26.0 - - [09/Jun/2025:10:18:59 +0200] "GET /videos/video.mp4 HTTP/1.1" 206 2 formacion-web.com "https://formacion-web.com/" "Mozilla/5.0 (iPhone; CPU iPhone OS 15_5 like Mac OS X) AppleWebKit/605.1.15 (KHTML, like Gecko) Version/15.5 Mobile/15E148 Safari/604.1" "-"
46.6.26.0 - - [09/Jun/2025:10:18:59 +0200] "GET /img/avatares/youngpeople.png HTTP/1.1" 200 131330 formacion-web.com "-" "Mozilla/5.0 (iPhone; CPU iPhone OS 15_5 like Mac OS X) AppleWebKit/605.1.15 (KHTML, like Gecko) Version/15.5 Mobile/15E148 Safari/604.1" "-"
46.6.26.0 - - [09/Jun/2025:10:19:00 +0200] "GET /videos/video.mp4 HTTP/1.1" 206 24497914 formacion-web.com "https://formacion-web.com/" "Mozilla/5.0 (iPhone; CPU iPhone OS 15_5 like Mac OS X) AppleWebKit/605.1.15 (KHTML, like Gecko) Version/15.5 Mobile/15E148 Safari/604.1" "-"
46.6.26.0 - - [09/Jun/2025:10:19:00 +0200] "GET /videos/video.mp4 HTTP/1.1" 206 24383568 formacion-web.com "https://formacion-web.com/" "Mozilla/5.0 (iPhone; CPU iPhone OS 15_5 like Mac OS X) AppleWebKit/605.1.15 (KHTML, like Gecko) Version/15.5 Mobile/15E148 Safari/604.1" "-"
66.249.93.0 - - [09/Jun/2025:10:19:08 +0200] "GET /.well-known/assetlinks.json HTTP/1.1" 200 3373 formacion-web.com "-" "GoogleAssociationService" "-"
66.102.9.0 - - [09/Jun/2025:10:19:08 +0200] "GET /.well-known/assetlinks.json HTTP/1.1" 200 3373 formacion-web.com "-" "GoogleAssociationService" "-"
79.117.87.0 - - [09/Jun/2025:10:19:36 +0200] "GET /?source=pwa HTTP/1.1" 200 3449 formacion-web.com "-" "Mozilla/5.0 (Linux; Android 10; K) AppleWebKit/537.36 (KHTML, like Gecko) Chrome/137.0.0.0 Mobile Safari/537.36" "-"
46.6.26.0 - - [09/Jun/2025:10:19:45 +0200] "GET /tienda HTTP/1.1" 200 4769 formacion-web.com "https://formacion-web.com/" "Mozilla/5.0 (iPhone; CPU iPhone OS 15_5 like Mac OS X) AppleWebKit/605.1.15 (KHTML, like Gecko) Version/15.5 Mobile/15E148 Safari/604.1" "-"
46.6.26.0 - - [09/Jun/2025:10:19:46 +0200] "GET /js/tienda_detalle.min.js HTTP/1.1" 200 7227 formacion-web.com "https://formacion-web.com/tienda" "Mozilla/5.0 (iPhone; CPU iPhone OS 15_5 like Mac OS X) AppleWebKit/605.1.15 (KHTML, like Gecko) Version/15.5 Mobile/15E148 Safari/604.1" "-"
46.6.26.0 - - [09/Jun/2025:10:19:46 +0200] "GET /js/tienda.min.js HTTP/1.1" 200 3298 formacion-web.com "https://formacion-web.com/tienda" "Mozilla/5.0 (iPhone; CPU iPhone OS 15_5 like Mac OS X) AppleWebKit/605.1.15 (KHTML, like Gecko) Version/15.5 Mobile/15E148 Safari/604.1" "-"
2a02:9130:fc00:: - - [09/Jun/2025:10:19:48 +0200] "GET /favicon.ico HTTP/1.1" 200 54732 formacion-web.com "-" "NetworkingExtension/8621.2.5.10.10 CFNetwork/3826.500.131 Darwin/24.5.0" "-"
2a02:9130:fc00:: - - [09/Jun/2025:10:19:48 +0200] "GET /apple-touch-icon-precomposed.png HTTP/1.1" 200 3373 formacion-web.com "-" "NetworkingExtension/8621.2.5.10.10 CFNetwork/3826.500.131 Darwin/24.5.0" "-"
2a02:9130:fc00:: - - [09/Jun/2025:10:19:48 +0200] "GET /apple-touch-icon.png HTTP/1.1" 200 3373 formacion-web.com "-" "NetworkingExtension/8621.2.5.10.10 CFNetwork/3826.500.131 Darwin/24.5.0" "-"
2a02:9130:fc00:: - - [09/Jun/2025:10:19:48 +0200] "GET / HTTP/1.1" 200 3449 formacion-web.com "-" "Mozilla/5.0 (Macintosh; Intel Mac OS X 10_11_1) AppleWebKit/601.2.4 (KHTML, like Gecko) Version/9.0.1 Safari/601.2.4 facebookexternalhit/1.1 Facebot Twitterbot/1.0" "-"
2a02:9130:fc00:: - - [09/Jun/2025:10:19:48 +0200] "GET /img/avatares/youngpeople.png HTTP/1.1" 200 131330 formacion-web.com "-" "NetworkingExtension/8621.2.5.10.10 CFNetwork/3826.500.131 Darwin/24.5.0" "-"
2a02:9130:fc00:: - - [09/Jun/2025:10:19:48 +0200] "GET /img/avatares/youngpeople.png HTTP/1.1" 200 131330 formacion-web.com "-" "NetworkingExtension/8621.2.5.10.10 CFNetwork/3826.500.131 Darwin/24.5.0" "-"
46.6.26.0 - - [09/Jun/2025:10:19:48 +0200] "GET /api/productos HTTP/1.1" 200 21132 formacion-web.com "https://formacion-web.com/tienda" "Mozilla/5.0 (iPhone; CPU iPhone OS 15_5 like Mac OS X) AppleWebKit/605.1.15 (KHTML, like Gecko) Version/15.5 Mobile/15E148 Safari/604.1" "-"
46.6.26.0 - - [09/Jun/2025:10:19:54 +0200] "GET /tienda HTTP/1.1" 200 4769 formacion-web.com "https://formacion-web.com/?source=pwa" "Mozilla/5.0 (Linux; Android 10; K) AppleWebKit/537.36 (KHTML, like Gecko) Chrome/137.0.0.0 Mobile Safari/537.36" "-"
46.6.26.0 - - [09/Jun/2025:10:19:54 +0200] "GET /api/productos HTTP/1.1" 200 21132 formacion-web.com "https://formacion-web.com/tienda" "Mozilla/5.0 (Linux; Android 10; K) AppleWebKit/537.36 (KHTML, like Gecko) Chrome/137.0.0.0 Mobile Safari/537.36" "-"
2a02:9130:fc00:: - - [09/Jun/2025:10:19:55 +0200] "GET /img/icons/ios/120.png HTTP/1.1" 200 14934 formacion-web.com "-" "Mozilla/5.0 (iPhone; CPU iPhone OS 18_5 like Mac OS X) AppleWebKit/605.1.15 (KHTML, like Gecko) Safari" "-"
2a02:9130:fc00:: - - [09/Jun/2025:10:19:55 +0200] "GET /img/avatares/youngpeople.png HTTP/1.1" 200 131330 formacion-web.com "-" "SafariViewService/8621.2.5.10.10 CFNetwork/3826.500.131 Darwin/24.5.0" "-"
46.6.26.0 - - [09/Jun/2025:10:19:57 +0200] "GET /img/productos/pr_684002935eeb0.avif HTTP/1.1" 200 20039 formacion-web.com "https://formacion-web.com/tienda" "Mozilla/5.0 (iPhone; CPU iPhone OS 15_5 like Mac OS X) AppleWebKit/605.1.15 (KHTML, like Gecko) Version/15.5 Mobile/15E148 Safari/604.1" "-"
46.6.26.0 - - [09/Jun/2025:10:19:57 +0200] "GET /img/productos/pr_6839c600632e5.webp HTTP/1.1" 200 11972 formacion-web.com "https://formacion-web.com/tienda" "Mozilla/5.0 (iPhone; CPU iPhone OS 15_5 like Mac OS X) AppleWebKit/605.1.15 (KHTML, like Gecko) Version/15.5 Mobile/15E148 Safari/604.1" "-"
46.6.26.0 - - [09/Jun/2025:10:19:58 +0200] "GET /api/productos?detalles=4957759797358 HTTP/1.1" 200 509 formacion-web.com "https://formacion-web.com/tienda" "Mozilla/5.0 (Linux; Android 10; K) AppleWebKit/537.36 (KHTML, like Gecko) Chrome/137.0.0.0 Mobile Safari/537.36" "-"
2a02:9130:fc00:: - - [09/Jun/2025:10:20:01 +0200] "GET /?source=pwa HTTP/1.1" 200 3449 formacion-web.com "-" "Mozilla/5.0 (iPhone; CPU iPhone OS 18_5 like Mac OS X) AppleWebKit/605.1.15 (KHTML, like Gecko) Version/18.5 Mobile/15E148 Safari/604.1" "-"
2a02:9130:fc00:: - - [09/Jun/2025:10:20:01 +0200] "GET /js/header.min.js HTTP/1.1" 200 349 formacion-web.com "https://formacion-web.com/?source=pwa" "Mozilla/5.0 (iPhone; CPU iPhone OS 18_5 like Mac OS X) AppleWebKit/605.1.15 (KHTML, like Gecko) Version/18.5 Mobile/15E148 Safari/604.1" "-"
2a02:9130:fc00:: - - [09/Jun/2025:10:20:01 +0200] "GET /manifest.json HTTP/1.1" 200 12674 formacion-web.com "https://formacion-web.com/?source=pwa" "Mozilla/5.0 (iPhone; CPU iPhone OS 18_5 like Mac OS X) AppleWebKit/605.1.15 (KHTML, like Gecko) Version/18.5 Mobile/15E148 Safari/604.1" "-"
2a02:9130:fc00:: - - [09/Jun/2025:10:20:01 +0200] "GET /js/index.min.js HTTP/1.1" 200 - formacion-web.com "https://formacion-web.com/?source=pwa" "Mozilla/5.0 (iPhone; CPU iPhone OS 18_5 like Mac OS X) AppleWebKit/605.1.15 (KHTML, like Gecko) Version/18.5 Mobile/15E148 Safari/604.1" "-"
2a02:9130:fc00:: - - [09/Jun/2025:10:20:01 +0200] "GET /css/styles.min.css HTTP/1.1" 200 15032 formacion-web.com "https://formacion-web.com/?source=pwa" "Mozilla/5.0 (iPhone; CPU iPhone OS 18_5 like Mac OS X) AppleWebKit/605.1.15 (KHTML, like Gecko) Version/18.5 Mobile/15E148 Safari/604.1" "-"
2a02:9130:fc00:: - - [09/Jun/2025:10:20:01 +0200] "GET /js/popover.min.js HTTP/1.1" 200 735 formacion-web.com "https://formacion-web.com/?source=pwa" "Mozilla/5.0 (iPhone; CPU iPhone OS 18_5 like Mac OS X) AppleWebKit/605.1.15 (KHTML, like Gecko) Version/18.5 Mobile/15E148 Safari/604.1" "-"
2a02:9130:fc00:: - - [09/Jun/2025:10:20:01 +0200] "GET /js/navigator.min.js HTTP/1.1" 200 477 formacion-web.com "https://formacion-web.com/?source=pwa" "Mozilla/5.0 (iPhone; CPU iPhone OS 18_5 like Mac OS X) AppleWebKit/605.1.15 (KHTML, like Gecko) Version/18.5 Mobile/15E148 Safari/604.1" "-"
2a02:9130:fc00:: - - [09/Jun/2025:10:20:01 +0200] "GET /videos/video.mp4 HTTP/1.1" 206 2 formacion-web.com "https://formacion-web.com/?source=pwa" "Mozilla/5.0 (iPhone; CPU iPhone OS 18_5 like Mac OS X) AppleWebKit/605.1.15 (KHTML, like Gecko) Version/18.5 Mobile/15E148 Safari/604.1" "-"
2a02:9130:fc00:: - - [09/Jun/2025:10:20:01 +0200] "GET /img/logo.png HTTP/1.1" 200 131330 formacion-web.com "https://formacion-web.com/?source=pwa" "Mozilla/5.0 (iPhone; CPU iPhone OS 18_5 like Mac OS X) AppleWebKit/605.1.15 (KHTML, like Gecko) Version/18.5 Mobile/15E148 Safari/604.1" "-"
46.6.26.0 - - [09/Jun/2025:10:20:01 +0200] "GET /img/avatares/youngpeople.png HTTP/1.1" 200 131330 formacion-web.com "https://formacion-web.com/tienda" "Mozilla/5.0 (iPhone; CPU iPhone OS 15_5 like Mac OS X) AppleWebKit/605.1.15 (KHTML, like Gecko) Version/15.5 Mobile/15E148 Safari/604.1" "-"
2a02:9130:fc00:: - - [09/Jun/2025:10:20:01 +0200] "GET /videos/video.mp4 HTTP/1.1" 206 24497914 formacion-web.com "https://formacion-web.com/?source=pwa" "Mozilla/5.0 (iPhone; CPU iPhone OS 18_5 like Mac OS X) AppleWebKit/605.1.15 (KHTML, like Gecko) Version/18.5 Mobile/15E148 Safari/604.1" "-"
2a06:98c0:3600:: - - [09/Jun/2025:10:20:10 +0200] "GET /wp-admin/setup-config.php HTTP/1.1" 200 3373 formacion-web.com "-" "Mozilla/5.0 (Windows NT 10.0; Win64; x64) AppleWebKit/537.36 (KHTML, like Gecko) Chrome/137.0.0.0 Safari/537.36" "-"
2a02:9130:fc00:: - - [09/Jun/2025:10:20:11 +0200] "GET /tienda HTTP/1.1" 200 4769 formacion-web.com "https://formacion-web.com/?source=pwa" "Mozilla/5.0 (iPhone; CPU iPhone OS 18_5 like Mac OS X) AppleWebKit/605.1.15 (KHTML, like Gecko) Version/18.5 Mobile/15E148 Safari/604.1" "-"
2a02:9130:fc00:: - - [09/Jun/2025:10:20:12 +0200] "GET /js/tienda_detalle.min.js HTTP/1.1" 200 7227 formacion-web.com "https://formacion-web.com/tienda" "Mozilla/5.0 (iPhone; CPU iPhone OS 18_5 like Mac OS X) AppleWebKit/605.1.15 (KHTML, like Gecko) Version/18.5 Mobile/15E148 Safari/604.1" "-"
2a02:9130:fc00:: - - [09/Jun/2025:10:20:12 +0200] "GET /js/tienda.min.js HTTP/1.1" 200 3298 formacion-web.com "https://formacion-web.com/tienda" "Mozilla/5.0 (iPhone; CPU iPhone OS 18_5 like Mac OS X) AppleWebKit/605.1.15 (KHTML, like Gecko) Version/18.5 Mobile/15E148 Safari/604.1" "-"
2a02:9130:fc00:: - - [09/Jun/2025:10:20:12 +0200] "GET /api/productos HTTP/1.1" 200 21132 formacion-web.com "https://formacion-web.com/tienda" "Mozilla/5.0 (iPhone; CPU iPhone OS 18_5 like Mac OS X) AppleWebKit/605.1.15 (KHTML, like Gecko) Version/18.5 Mobile/15E148 Safari/604.1" "-"
2a02:9130:fc00:: - - [09/Jun/2025:10:20:12 +0200] "GET /img/productos/pr_6839c600632e5.webp HTTP/1.1" 200 11972 formacion-web.com "https://formacion-web.com/tienda" "Mozilla/5.0 (iPhone; CPU iPhone OS 18_5 like Mac OS X) AppleWebKit/605.1.15 (KHTML, like Gecko) Version/18.5 Mobile/15E148 Safari/604.1" "-"
2a02:9130:fc00:: - - [09/Jun/2025:10:20:12 +0200] "GET /img/productos/pr_684002935eeb0.avif HTTP/1.1" 200 20039 formacion-web.com "https://formacion-web.com/tienda" "Mozilla/5.0 (iPhone; CPU iPhone OS 18_5 like Mac OS X) AppleWebKit/605.1.15 (KHTML, like Gecko) Version/18.5 Mobile/15E148 Safari/604.1" "-"
2a02:9130:fc00:: - - [09/Jun/2025:10:20:13 +0200] "GET /index.php HTTP/1.1" 200 3437 formacion-web.com "https://formacion-web.com/tienda" "Mozilla/5.0 (iPhone; CPU iPhone OS 18_5 like Mac OS X) AppleWebKit/605.1.15 (KHTML, like Gecko) Version/18.5 Mobile/15E148 Safari/604.1" "-"
2a02:9130:fc00:: - - [09/Jun/2025:10:20:13 +0200] "GET /videos/video.mp4 HTTP/1.1" 206 2 formacion-web.com "https://formacion-web.com/index.php" "Mozilla/5.0 (iPhone; CPU iPhone OS 18_5 like Mac OS X) AppleWebKit/605.1.15 (KHTML, like Gecko) Version/18.5 Mobile/15E148 Safari/604.1" "-"
46.6.26.0 - - [09/Jun/2025:10:20:14 +0200] "GET /?source=pwa HTTP/1.1" 200 3449 formacion-web.com "-" "Mozilla/5.0 (Linux; Android 10; K) AppleWebKit/537.36 (KHTML, like Gecko) Chrome/137.0.0.0 Mobile Safari/537.36" "-"
46.6.26.0 - - [09/Jun/2025:10:20:18 +0200] "GET / HTTP/1.1" 200 3449 formacion-web.com "-" "Mozilla/5.0 (Linux; Android 10; K) AppleWebKit/537.36 (KHTML, like Gecko) Chrome/137.0.0.0 Mobile Safari/537.36" "-"
2a06:98c0:3600:: - - [09/Jun/2025:10:20:29 +0200] "GET /wordpress/wp-admin/setup-config.php HTTP/1.1" 301 269 formacion-web.com "-" "Mozilla/5.0 (Windows NT 10.0; Win64; x64) AppleWebKit/537.36 (KHTML, like Gecko) Chrome/137.0.0.0 Safari/537.36" "-"
2a06:98c0:3600:: - - [09/Jun/2025:10:20:29 +0200] "GET /wordpress/wp-admin/setup-config.php HTTP/1.1" 200 3373 formacion-web.com "-" "Mozilla/5.0 (Windows NT 10.0; Win64; x64) AppleWebKit/537.36 (KHTML, like Gecko) Chrome/137.0.0.0 Safari/537.36" "-"
46.6.26.0 - - [09/Jun/2025:10:20:33 +0200] "GET /?source=pwa HTTP/1.1" 200 3449 formacion-web.com "-" "Mozilla/5.0 (Linux; Android 10; K) AppleWebKit/537.36 (KHTML, like Gecko) Chrome/137.0.0.0 Mobile Safari/537.36" "-"
46.6.26.0 - - [09/Jun/2025:10:20:46 +0200] "GET / HTTP/1.1" 200 3449 formacion-web.com "-" "Mozilla/5.0 (Windows NT 10.0; Win64; x64) AppleWebKit/537.36 (KHTML, like Gecko) Chrome/135.0.0.0 Safari/537.36" "-"
90.166.19.0 - - [09/Jun/2025:10:20:50 +0200] "GET / HTTP/1.1" 200 3449 formacion-web.com "android-app://com.google.android.googlequicksearchbox/" "Mozilla/5.0 (Linux; Android 10; K) AppleWebKit/537.36 (KHTML, like Gecko) Chrome/137.0.0.0 Mobile Safari/537.36" "-"
46.6.26.0 - - [09/Jun/2025:10:20:54 +0200] "GET / HTTP/1.1" 200 3449 formacion-web.com "-" "Mozilla/5.0 (Windows NT 10.0; Win64; x64) AppleWebKit/537.36 (KHTML, like Gecko) Chrome/137.0.0.0 Safari/537.36" "-"
46.6.26.0 - - [09/Jun/2025:10:20:54 +0200] "GET /css/styles.min.css HTTP/1.1" 200 15032 formacion-web.com "https://formacion-web.com/" "Mozilla/5.0 (Windows NT 10.0; Win64; x64) AppleWebKit/537.36 (KHTML, like Gecko) Chrome/137.0.0.0 Safari/537.36" "-"
46.6.26.0 - - [09/Jun/2025:10:20:54 +0200] "GET /js/popover.min.js HTTP/1.1" 200 735 formacion-web.com "https://formacion-web.com/" "Mozilla/5.0 (Windows NT 10.0; Win64; x64) AppleWebKit/537.36 (KHTML, like Gecko) Chrome/137.0.0.0 Safari/537.36" "-"
46.6.26.0 - - [09/Jun/2025:10:20:54 +0200] "GET /js/header.min.js HTTP/1.1" 200 349 formacion-web.com "https://formacion-web.com/" "Mozilla/5.0 (Windows NT 10.0; Win64; x64) AppleWebKit/537.36 (KHTML, like Gecko) Chrome/137.0.0.0 Safari/537.36" "-"
46.6.26.0 - - [09/Jun/2025:10:20:54 +0200] "GET /js/navigator.min.js HTTP/1.1" 200 477 formacion-web.com "https://formacion-web.com/" "Mozilla/5.0 (Windows NT 10.0; Win64; x64) AppleWebKit/537.36 (KHTML, like Gecko) Chrome/137.0.0.0 Safari/537.36" "-"
46.6.26.0 - - [09/Jun/2025:10:20:54 +0200] "GET /js/index.min.js HTTP/1.1" 200 - formacion-web.com "https://formacion-web.com/" "Mozilla/5.0 (Windows NT 10.0; Win64; x64) AppleWebKit/537.36 (KHTML, like Gecko) Chrome/137.0.0.0 Safari/537.36" "-"
46.6.26.0 - - [09/Jun/2025:10:20:54 +0200] "GET /img/logo.png HTTP/1.1" 200 131330 formacion-web.com "https://formacion-web.com/css/styles.min.css" "Mozilla/5.0 (Windows NT 10.0; Win64; x64) AppleWebKit/537.36 (KHTML, like Gecko) Chrome/137.0.0.0 Safari/537.36" "-"
90.166.19.0 - - [09/Jun/2025:10:20:54 +0200] "GET / HTTP/1.1" 200 3449 formacion-web.com "-" "Mozilla/5.0 (Windows NT 10.0; Win64; x64) AppleWebKit/537.36 (KHTML, like Gecko) Chrome/136.0.0.0 Safari/537.36" "-"
90.166.19.0 - - [09/Jun/2025:10:20:54 +0200] "GET /css/styles.min.css HTTP/1.1" 200 15032 formacion-web.com "https://formacion-web.com/" "Mozilla/5.0 (Windows NT 10.0; Win64; x64) AppleWebKit/537.36 (KHTML, like Gecko) Chrome/136.0.0.0 Safari/537.36" "-"
90.166.19.0 - - [09/Jun/2025:10:20:54 +0200] "GET /js/index.min.js HTTP/1.1" 200 - formacion-web.com "https://formacion-web.com/" "Mozilla/5.0 (Windows NT 10.0; Win64; x64) AppleWebKit/537.36 (KHTML, like Gecko) Chrome/136.0.0.0 Safari/537.36" "-"
