90.166.19.0 - - [09/Jun/2025:10:20:54 +0200] "GET /js/header.min.js HTTP/1.1" 200 349 formacion-web.com "https://formacion-web.com/" "Mozilla/5.0 (Windows NT 10.0; Win64; x64) AppleWebKit/537.36 (KHTML, like Gecko) Chrome/136.0.0.0 Safari/537.36" "-"
90.166.19.0 - - [09/Jun/2025:10:20:54 +0200] "GET /js/popover.min.js HTTP/1.1" 200 735 formacion-web.com "https://formacion-web.com/" "Mozilla/5.0 (Windows NT 10.0; Win64; x64) AppleWebKit/537.36 (KHTML, like Gecko) Chrome/136.0.0.0 Safari/537.36" "-"
90.166.19.0 - - [09/Jun/2025:10:20:54 +0200] "GET /js/navigator.min.js HTTP/1.1" 200 477 formacion-web.com "https://formacion-web.com/" "Mozilla/5.0 (Windows NT 10.0; Win64; x64) AppleWebKit/537.36 (KHTML, like Gecko) Chrome/136.0.0.0 Safari/537.36" "-"
46.6.26.0 - - [09/Jun/2025:10:20:54 +0200] "GET / HTTP/1.1" 200 3449 formacion-web.com "-" "Mozilla/5.0 (Windows NT 10.0; Win64; x64) AppleWebKit/537.36 (KHTML, like Gecko) Chrome/137.0.0.0 Safari/537.36" "-"
46.6.26.0 - - [09/Jun/2025:10:20:54 +0200] "GET /videos/video.mp4 HTTP/1.1" 206 24497914 formacion-web.com "https://formacion-web.com/" "Mozilla/5.0 (Windows NT 10.0; Win64; x64) AppleWebKit/537.36 (KHTML, like Gecko) Chrome/137.0.0.0 Safari/537.36" "-"
90.166.19.0 - - [09/Jun/2025:10:20:54 +0200] "GET /videos/video.mp4 HTTP/1.1" 206 24497914 formacion-web.com "https://formacion-web.com/" "Mozilla/5.0 (Windows NT 10.0; Win64; x64) AppleWebKit/537.36 (KHTML, like Gecko) Chrome/136.0.0.0 Safari/537.36" "-"
46.6.26.0 - - [09/Jun/2025:10:20:55 +0200] "GET /js/index.min.js HTTP/1.1" 200 - formacion-web.com "https://formacion-web.com/" "Mozilla/5.0 (Windows NT 10.0; Win64; x64) AppleWebKit/537.36 (KHTML, like Gecko) Chrome/137.0.0.0 Safari/537.36" "-"
46.6.26.0 - - [09/Jun/2025:10:20:55 +0200] "GET /js/header.min.js HTTP/1.1" 200 349 formacion-web.com "https://formacion-web.com/" "Mozilla/5.0 (Windows NT 10.0; Win64; x64) AppleWebKit/537.36 (KHTML, like Gecko) Chrome/137.0.0.0 Safari/537.36" "-"
46.6.26.0 - - [09/Jun/2025:10:20:55 +0200] "GET /css/styles.min.css HTTP/1.1" 200 15032 formacion-web.com "https://formacion-web.com/" "Mozilla/5.0 (Windows NT 10.0; Win64; x64) AppleWebKit/537.36 (KHTML, like Gecko) Chrome/137.0.0.0 Safari/537.36" "-"
46.6.26.0 - - [09/Jun/2025:10:20:55 +0200] "GET /js/popover.min.js HTTP/1.1" 200 735 formacion-web.com "https://formacion-web.com/" "Mozilla/5.0 (Windows NT 10.0; Win64; x64) AppleWebKit/537.36 (KHTML, like Gecko) Chrome/137.0.0.0 Safari/537.36" "-"
46.6.26.0 - - [09/Jun/2025:10:20:55 +0200] "GET /js/navigator.min.js HTTP/1.1" 200 477 formacion-web.com "https://formacion-web.com/" "Mozilla/5.0 (Windows NT 10.0; Win64; x64) AppleWebKit/537.36 (KHTML, like Gecko) Chrome/137.0.0.0 Safari/537.36" "-"
90.166.19.0 - - [09/Jun/2025:10:20:55 +0200] "GET /img/logo.png HTTP/1.1" 200 131330 formacion-web.com "https://formacion-web.com/css/styles.min.css" "Mozilla/5.0 (Windows NT 10.0; Win64; x64) AppleWebKit/537.36 (KHTML, like Gecko) Chrome/136.0.0.0 Safari/537.36" "-"
46.6.26.0 - - [09/Jun/2025:10:20:55 +0200] "GET /img/avatares/youngpeople.png HTTP/1.1" 200 131330 formacion-web.com "https://formacion-web.com/" "Mozilla/5.0 (Windows NT 10.0; Win64; x64) AppleWebKit/537.36 (KHTML, like Gecko) Chrome/137.0.0.0 Safari/537.36" "-"
46.6.26.0 - - [09/Jun/2025:10:20:55 +0200] "GET /img/logo.png HTTP/1.1" 200 131330 formacion-web.com "https://formacion-web.com/css/styles.min.css" "Mozilla/5.0 (Windows NT 10.0; Win64; x64) AppleWebKit/537.36 (KHTML, like Gecko) Chrome/137.0.0.0 Safari/537.36" "-"
46.6.26.0 - - [09/Jun/2025:10:20:55 +0200] "GET /videos/video.mp4 HTTP/1.1" 206 24497914 formacion-web.com "https://formacion-web.com/" "Mozilla/5.0 (Windows NT 10.0; Win64; x64) AppleWebKit/537.36 (KHTML, like Gecko) Chrome/137.0.0.0 Safari/537.36" "-"
46.6.26.0 - - [09/Jun/2025:10:20:56 +0200] "GET / HTTP/1.1" 200 3449 formacion-web.com "-" "Mozilla/5.0 (Windows NT 10.0; Win64; x64) AppleWebKit/537.36 (KHTML, like Gecko) Chrome/137.0.0.0 Safari/537.36" "-"
46.6.26.0 - - [09/Jun/2025:10:20:56 +0200] "GET /css/styles.min.css HTTP/1.1" 200 15032 formacion-web.com "https://formacion-web.com/" "Mozilla/5.0 (Windows NT 10.0; Win64; x64) AppleWebKit/537.36 (KHTML, like Gecko) Chrome/137.0.0.0 Safari/537.36" "-"
46.6.26.0 - - [09/Jun/2025:10:20:56 +0200] "GET /js/index.min.js HTTP/1.1" 200 - formacion-web.com "https://formacion-web.com/" "Mozilla/5.0 (Windows NT 10.0; Win64; x64) AppleWebKit/537.36 (KHTML, like Gecko) Chrome/137.0.0.0 Safari/537.36" "-"
46.6.26.0 - - [09/Jun/2025:10:20:56 +0200] "GET /js/popover.min.js HTTP/1.1" 200 735 formacion-web.com "https://formacion-web.com/" "Mozilla/5.0 (Windows NT 10.0; Win64; x64) AppleWebKit/537.36 (KHTML, like Gecko) Chrome/137.0.0.0 Safari/537.36" "-"
46.6.26.0 - - [09/Jun/2025:10:20:56 +0200] "GET /js/navigator.min.js HTTP/1.1" 200 477 formacion-web.com "https://formacion-web.com/" "Mozilla/5.0 (Windows NT 10.0; Win64; x64) AppleWebKit/537.36 (KHTML, like Gecko) Chrome/137.0.0.0 Safari/537.36" "-"
46.6.26.0 - - [09/Jun/2025:10:20:56 +0200] "GET /js/header.min.js HTTP/1.1" 200 349 formacion-web.com "https://formacion-web.com/" "Mozilla/5.0 (Windows NT 10.0; Win64; x64) AppleWebKit/537.36 (KHTML, like Gecko) Chrome/137.0.0.0 Safari/537.36" "-"
46.6.26.0 - - [09/Jun/2025:10:20:56 +0200] "GET /img/logo.png HTTP/1.1" 200 131330 formacion-web.com "https://formacion-web.com/css/styles.min.css" "Mozilla/5.0 (Windows NT 10.0; Win64; x64) AppleWebKit/537.36 (KHTML, like Gecko) Chrome/137.0.0.0 Safari/537.36" "-"
46.6.26.0 - - [09/Jun/2025:10:20:56 +0200] "GET /videos/video.mp4 HTTP/1.1" 206 24497914 formacion-web.com "https://formacion-web.com/" "Mozilla/5.0 (Windows NT 10.0; Win64; x64) AppleWebKit/537.36 (KHTML, like Gecko) Chrome/137.0.0.0 Safari/537.36" "-"
46.6.26.0 - - [09/Jun/2025:10:20:57 +0200] "GET /img/avatares/youngpeople.png HTTP/1.1" 200 131330 formacion-web.com "https://formacion-web.com/" "Mozilla/5.0 (Windows NT 10.0; Win64; x64) AppleWebKit/537.36 (KHTML, like Gecko) Chrome/137.0.0.0 Safari/537.36" "-"
90.166.19.0 - - [09/Jun/2025:10:20:57 +0200] "GET /img/avatares/youngpeople.png HTTP/1.1" 200 131330 formacion-web.com "https://formacion-web.com/" "Mozilla/5.0 (Windows NT 10.0; Win64; x64) AppleWebKit/537.36 (KHTML, like Gecko) Chrome/136.0.0.0 Safari/537.36" "-"
46.6.26.0 - - [09/Jun/2025:10:20:57 +0200] "GET /img/avatares/youngpeople.png HTTP/1.1" 200 131330 formacion-web.com "https://formacion-web.com/" "Mozilla/5.0 (Windows NT 10.0; Win64; x64) AppleWebKit/537.36 (KHTML, like Gecko) Chrome/137.0.0.0 Safari/537.36" "-"
90.166.19.0 - - [09/Jun/2025:10:20:58 +0200] "GET /manifest.json HTTP/1.1" 200 12674 formacion-web.com "https://formacion-web.com/" "Mozilla/5.0 (Windows NT 10.0; Win64; x64) AppleWebKit/537.36 (KHTML, like Gecko) Chrome/136.0.0.0 Safari/537.36" "-"
46.6.26.0 - - [09/Jun/2025:10:20:58 +0200] "GET /manifest.json HTTP/1.1" 200 12674 formacion-web.com "https://formacion-web.com/" "Mozilla/5.0 (Windows NT 10.0; Win64; x64) AppleWebKit/537.36 (KHTML, like Gecko) Chrome/137.0.0.0 Safari/537.36" "-"
46.6.26.0 - - [09/Jun/2025:10:20:58 +0200] "GET /manifest.json HTTP/1.1" 200 12674 formacion-web.com "https://formacion-web.com/" "Mozilla/5.0 (Windows NT 10.0; Win64; x64) AppleWebKit/537.36 (KHTML, like Gecko) Chrome/137.0.0.0 Safari/537.36" "-"
46.6.26.0 - - [09/Jun/2025:10:20:58 +0200] "GET /img/icons/ios/144.png HTTP/1.1" 200 18684 formacion-web.com "https://formacion-web.com/" "Mozilla/5.0 (Windows NT 10.0; Win64; x64) AppleWebKit/537.36 (KHTML, like Gecko) Chrome/137.0.0.0 Safari/537.36" "-"
90.166.19.0 - - [09/Jun/2025:10:20:58 +0200] "GET /img/icons/ios/144.png HTTP/1.1" 200 18684 formacion-web.com "https://formacion-web.com/" "Mozilla/5.0 (Windows NT 10.0; Win64; x64) AppleWebKit/537.36 (KHTML, like Gecko) Chrome/136.0.0.0 Safari/537.36" "-"
46.6.26.0 - - [09/Jun/2025:10:20:58 +0200] "GET /img/icons/ios/144.png HTTP/1.1" 200 18684 formacion-web.com "https://formacion-web.com/" "Mozilla/5.0 (Windows NT 10.0; Win64; x64) AppleWebKit/537.36 (KHTML, like Gecko) Chrome/137.0.0.0 Safari/537.36" "-"
90.166.19.0 - - [09/Jun/2025:10:21:01 +0200] "GET /img/icons/windows11/LargeTile.scale-125.png HTTP/1.1" 200 75578 formacion-web.com "-" "Mozilla/5.0 (Linux; Android 10; K) AppleWebKit/537.36 (KHTML, like Gecko) Chrome/137.0.0.0 Mobile Safari/537.36" "-"
90.166.19.0 - - [09/Jun/2025:10:21:02 +0200] "GET /login HTTP/1.1" 200 4540 formacion-web.com "https://formacion-web.com/" "Mozilla/5.0 (Windows NT 10.0; Win64; x64) AppleWebKit/537.36 (KHTML, like Gecko) Chrome/136.0.0.0 Safari/537.36" "-"
90.166.19.0 - - [09/Jun/2025:10:21:02 +0200] "GET /js/loginRegistro.min.js HTTP/1.1" 200 2265 formacion-web.com "https://formacion-web.com/login" "Mozilla/5.0 (Windows NT 10.0; Win64; x64) AppleWebKit/537.36 (KHTML, like Gecko) Chrome/136.0.0.0 Safari/537.36" "-"
90.166.19.0 - - [09/Jun/2025:10:21:09 +0200] "POST /api/login HTTP/1.1" 200 53 formacion-web.com "https://formacion-web.com/login" "Mozilla/5.0 (Windows NT 10.0; Win64; x64) AppleWebKit/537.36 (KHTML, like Gecko) Chrome/136.0.0.0 Safari/537.36" "-"
90.166.19.0 - - [09/Jun/2025:10:21:12 +0200] "GET / HTTP/1.1" 200 3481 formacion-web.com "https://formacion-web.com/login" "Mozilla/5.0 (Windows NT 10.0; Win64; x64) AppleWebKit/537.36 (KHTML, like Gecko) Chrome/136.0.0.0 Safari/537.36" "-"
90.166.19.0 - - [09/Jun/2025:10:21:12 +0200] "GET /img/avatares/yp_6834201f73374.avif HTTP/1.1" 200 8331 formacion-web.com "https://formacion-web.com/" "Mozilla/5.0 (Windows NT 10.0; Win64; x64) AppleWebKit/537.36 (KHTML, like Gecko) Chrome/136.0.0.0 Safari/537.36" "-"
90.166.19.0 - - [09/Jun/2025:10:21:12 +0200] "GET /videos/video.mp4 HTTP/1.1" 206 24497914 formacion-web.com "https://formacion-web.com/" "Mozilla/5.0 (Windows NT 10.0; Win64; x64) AppleWebKit/537.36 (KHTML, like Gecko) Chrome/136.0.0.0 Safari/537.36" "-"
46.6.26.0 - - [09/Jun/2025:10:21:15 +0200] "GET /login HTTP/1.1" 200 4540 formacion-web.com "https://formacion-web.com/" "Mozilla/5.0 (Windows NT 10.0; Win64; x64) AppleWebKit/537.36 (KHTML, like Gecko) Chrome/137.0.0.0 Safari/537.36" "-"
46.6.26.0 - - [09/Jun/2025:10:21:15 +0200] "GET /js/loginRegistro.min.js HTTP/1.1" 200 2265 formacion-web.com "https://formacion-web.com/login" "Mozilla/5.0 (Windows NT 10.0; Win64; x64) AppleWebKit/537.36 (KHTML, like Gecko) Chrome/137.0.0.0 Safari/537.36" "-"
90.166.19.0 - - [09/Jun/2025:10:21:19 +0200] "GET /?source=pwa HTTP/1.1" 200 3449 formacion-web.com "-" "Mozilla/5.0 (Linux; Android 10; K) AppleWebKit/537.36 (KHTML, like Gecko) Chrome/137.0.0.0 Mobile Safari/537.36" "-"
90.166.19.0 - - [09/Jun/2025:10:21:20 +0200] "GET /tienda HTTP/1.1" 200 4855 formacion-web.com "https://formacion-web.com/" "Mozilla/5.0 (Windows NT 10.0; Win64; x64) AppleWebKit/537.36 (KHTML, like Gecko) Chrome/136.0.0.0 Safari/537.36" "-"
90.166.19.0 - - [09/Jun/2025:10:21:20 +0200] "GET /js/tienda_detalle.min.js HTTP/1.1" 200 7227 formacion-web.com "https://formacion-web.com/tienda" "Mozilla/5.0 (Windows NT 10.0; Win64; x64) AppleWebKit/537.36 (KHTML, like Gecko) Chrome/136.0.0.0 Safari/537.36" "-"
90.166.19.0 - - [09/Jun/2025:10:21:20 +0200] "GET /js/tienda.min.js HTTP/1.1" 200 3298 formacion-web.com "https://formacion-web.com/tienda" "Mozilla/5.0 (Windows NT 10.0; Win64; x64) AppleWebKit/537.36 (KHTML, like Gecko) Chrome/136.0.0.0 Safari/537.36" "-"
90.166.19.0 - - [09/Jun/2025:10:21:20 +0200] "GET /api/productos HTTP/1.1" 200 21132 formacion-web.com "https://formacion-web.com/tienda" "Mozilla/5.0 (Windows NT 10.0; Win64; x64) AppleWebKit/537.36 (KHTML, like Gecko) Chrome/136.0.0.0 Safari/537.36" "-"
90.166.19.0 - - [09/Jun/2025:10:21:20 +0200] "GET /api/pedido HTTP/1.1" 200 797 formacion-web.com "https://formacion-web.com/tienda" "Mozilla/5.0 (Windows NT 10.0; Win64; x64) AppleWebKit/537.36 (KHTML, like Gecko) Chrome/136.0.0.0 Safari/537.36" "-"
90.166.19.0 - - [09/Jun/2025:10:21:20 +0200] "GET /img/productos/pr_684002935eeb0.avif HTTP/1.1" 200 20039 formacion-web.com "https://formacion-web.com/tienda" "Mozilla/5.0 (Windows NT 10.0; Win64; x64) AppleWebKit/537.36 (KHTML, like Gecko) Chrome/136.0.0.0 Safari/537.36" "-"
90.166.19.0 - - [09/Jun/2025:10:21:20 +0200] "GET /img/productos/pr_6839c600632e5.webp HTTP/1.1" 200 11972 formacion-web.com "https://formacion-web.com/tienda" "Mozilla/5.0 (Windows NT 10.0; Win64; x64) AppleWebKit/537.36 (KHTML, like Gecko) Chrome/136.0.0.0 Safari/537.36" "-"
90.166.19.0 - - [09/Jun/2025:10:21:20 +0200] "GET /img/productos/68324191c02d8.avif HTTP/1.1" 200 3469 formacion-web.com "https://formacion-web.com/tienda" "Mozilla/5.0 (Windows NT 10.0; Win64; x64) AppleWebKit/537.36 (KHTML, like Gecko) Chrome/136.0.0.0 Safari/537.36" "-"
90.166.19.0 - - [09/Jun/2025:10:21:24 +0200] "GET /api/productos?detalles=4276007065148 HTTP/1.1" 200 413 formacion-web.com "https://formacion-web.com/tienda" "Mozilla/5.0 (Windows NT 10.0; Win64; x64) AppleWebKit/537.36 (KHTML, like Gecko) Chrome/136.0.0.0 Safari/537.36" "-"
46.6.26.0 - - [09/Jun/2025:10:21:25 +0200] "POST /api/login HTTP/1.1" 200 53 formacion-web.com "https://formacion-web.com/login" "Mozilla/5.0 (Windows NT 10.0; Win64; x64) AppleWebKit/537.36 (KHTML, like Gecko) Chrome/137.0.0.0 Safari/537.36" "-"
90.166.19.0 - - [09/Jun/2025:10:21:26 +0200] "GET /api/pedido?cod=4276007065148&ca=1 HTTP/1.1" 200 1012 formacion-web.com "https://formacion-web.com/tienda" "Mozilla/5.0 (Windows NT 10.0; Win64; x64) AppleWebKit/537.36 (KHTML, like Gecko) Chrome/136.0.0.0 Safari/537.36" "-"
46.6.26.0 - - [09/Jun/2025:10:21:28 +0200] "GET / HTTP/1.1" 200 3481 formacion-web.com "https://formacion-web.com/login" "Mozilla/5.0 (Windows NT 10.0; Win64; x64) AppleWebKit/537.36 (KHTML, like Gecko) Chrome/137.0.0.0 Safari/537.36" "-"
46.6.26.0 - - [09/Jun/2025:10:21:28 +0200] "GET /img/avatares/yp_683483d4be4ed.avif HTTP/1.1" 200 7149 formacion-web.com "https://formacion-web.com/" "Mozilla/5.0 (Windows NT 10.0; Win64; x64) AppleWebKit/537.36 (KHTML, like Gecko) Chrome/137.0.0.0 Safari/537.36" "-"
2a06:98c0:3600:: - - [09/Jun/2025:10:21:28 +0200] "GET /wordpress/wp-admin/setup-config.php HTTP/1.1" 200 3373 formacion-web.com "-" "Mozilla/5.0 (Windows NT 10.0; Win64; x64) AppleWebKit/537.36 (KHTML, like Gecko) Chrome/137.0.0.0 Safari/537.36" "-"
90.166.19.0 - - [09/Jun/2025:10:21:28 +0200] "GET /api/productos?detalles=4663416327018 HTTP/1.1" 200 469 formacion-web.com "https://formacion-web.com/tienda" "Mozilla/5.0 (Windows NT 10.0; Win64; x64) AppleWebKit/537.36 (KHTML, like Gecko) Chrome/136.0.0.0 Safari/537.36" "-"
90.166.19.0 - - [09/Jun/2025:10:21:30 +0200] "GET /api/pedido?cod=4663416327018&ca=1 HTTP/1.1" 200 1275 formacion-web.com "https://formacion-web.com/tienda" "Mozilla/5.0 (Windows NT 10.0; Win64; x64) AppleWebKit/537.36 (KHTML, like Gecko) Chrome/136.0.0.0 Safari/537.36" "-"
46.6.26.0 - - [09/Jun/2025:10:21:31 +0200] "GET / HTTP/1.1" 200 3449 formacion-web.com "-" "Mozilla/5.0 (Windows NT 10.0; Win64; x64) AppleWebKit/537.36 (KHTML, like Gecko) Chrome/137.0.0.0 Safari/537.36" "-"
90.166.19.0 - - [09/Jun/2025:10:21:32 +0200] "GET /api/productos?detalles=2860180668201 HTTP/1.1" 200 443 formacion-web.com "https://formacion-web.com/tienda" "Mozilla/5.0 (Windows NT 10.0; Win64; x64) AppleWebKit/537.36 (KHTML, like Gecko) Chrome/136.0.0.0 Safari/537.36" "-"
90.166.19.0 - - [09/Jun/2025:10:21:33 +0200] "GET /api/pedido?cod=2860180668201&ca=1 HTTP/1.1" 200 1521 formacion-web.com "https://formacion-web.com/tienda" "Mozilla/5.0 (Windows NT 10.0; Win64; x64) AppleWebKit/537.36 (KHTML, like Gecko) Chrome/136.0.0.0 Safari/537.36" "-"
90.166.19.0 - - [09/Jun/2025:10:21:35 +0200] "GET /api/productos?detalles=7884078708629 HTTP/1.1" 200 407 formacion-web.com "https://formacion-web.com/tienda" "Mozilla/5.0 (Windows NT 10.0; Win64; x64) AppleWebKit/537.36 (KHTML, like Gecko) Chrome/136.0.0.0 Safari/537.36" "-"
46.6.26.0 - - [09/Jun/2025:10:21:36 +0200] "GET / HTTP/1.1" 200 3449 formacion-web.com "-" "Mozilla/5.0 (Windows NT 10.0; Win64; x64) AppleWebKit/537.36 (KHTML, like Gecko) Chrome/137.0.0.0 Safari/537.36" "-"
46.6.26.0 - - [09/Jun/2025:10:21:36 +0200] "GET /css/styles.min.css HTTP/1.1" 200 15032 formacion-web.com "https://formacion-web.com/" "Mozilla/5.0 (Windows NT 10.0; Win64; x64) AppleWebKit/537.36 (KHTML, like Gecko) Chrome/137.0.0.0 Safari/537.36" "-"
46.6.26.0 - - [09/Jun/2025:10:21:36 +0200] "GET /js/index.min.js HTTP/1.1" 200 - formacion-web.com "https://formacion-web.com/" "Mozilla/5.0 (Windows NT 10.0; Win64; x64) AppleWebKit/537.36 (KHTML, like Gecko) Chrome/137.0.0.0 Safari/537.36" "-"
46.6.26.0 - - [09/Jun/2025:10:21:36 +0200] "GET /js/navigator.min.js HTTP/1.1" 200 477 formacion-web.com "https://formacion-web.com/" "Mozilla/5.0 (Windows NT 10.0; Win64; x64) AppleWebKit/537.36 (KHTML, like Gecko) Chrome/137.0.0.0 Safari/537.36" "-"
46.6.26.0 - - [09/Jun/2025:10:21:36 +0200] "GET /js/popover.min.js HTTP/1.1" 200 735 formacion-web.com "https://formacion-web.com/" "Mozilla/5.0 (Windows NT 10.0; Win64; x64) AppleWebKit/537.36 (KHTML, like Gecko) Chrome/137.0.0.0 Safari/537.36" "-"
90.166.19.0 - - [09/Jun/2025:10:21:36 +0200] "GET /api/pedido?cod=7884078708629&ca=1 HTTP/1.1" 200 1715 formacion-web.com "https://formacion-web.com/tienda" "Mozilla/5.0 (Windows NT 10.0; Win64; x64) AppleWebKit/537.36 (KHTML, like Gecko) Chrome/136.0.0.0 Safari/537.36" "-"
46.6.26.0 - - [09/Jun/2025:10:21:36 +0200] "GET /js/header.min.js HTTP/1.1" 200 349 formacion-web.com "https://formacion-web.com/" "Mozilla/5.0 (Windows NT 10.0; Win64; x64) AppleWebKit/537.36 (KHTML, like Gecko) Chrome/137.0.0.0 Safari/537.36" "-"
46.6.26.0 - - [09/Jun/2025:10:21:36 +0200] "GET /img/logo.png HTTP/1.1" 200 131330 formacion-web.com "https://formacion-web.com/css/styles.min.css" "Mozilla/5.0 (Windows NT 10.0; Win64; x64) AppleWebKit/537.36 (KHTML, like Gecko) Chrome/137.0.0.0 Safari/537.36" "-"
46.6.26.0 - - [09/Jun/2025:10:21:36 +0200] "GET /videos/video.mp4 HTTP/1.1" 206 24497914 formacion-web.com "https://formacion-web.com/" "Mozilla/5.0 (Windows NT 10.0; Win64; x64) AppleWebKit/537.36 (KHTML, like Gecko) Chrome/137.0.0.0 Safari/537.36" "-"
46.6.26.0 - - [09/Jun/2025:10:21:37 +0200] "GET /img/avatares/youngpeople.png HTTP/1.1" 200 131330 formacion-web.com "https://formacion-web.com/" "Mozilla/5.0 (Windows NT 10.0; Win64; x64) AppleWebKit/537.36 (KHTML, like Gecko) Chrome/137.0.0.0 Safari/537.36" "-"
46.6.26.0 - - [09/Jun/2025:10:21:37 +0200] "GET / HTTP/1.1" 200 3449 formacion-web.com "-" "Mozilla/5.0 (Windows NT 10.0; Win64; x64) AppleWebKit/537.36 (KHTML, like Gecko) Chrome/137.0.0.0 Safari/537.36" "-"
46.6.26.0 - - [09/Jun/2025:10:21:38 +0200] "GET /js/index.min.js HTTP/1.1" 200 - formacion-web.com "https://formacion-web.com/" "Mozilla/5.0 (Windows NT 10.0; Win64; x64) AppleWebKit/537.36 (KHTML, like Gecko) Chrome/137.0.0.0 Safari/537.36" "-"
46.6.26.0 - - [09/Jun/2025:10:21:38 +0200] "GET /js/popover.min.js HTTP/1.1" 200 735 formacion-web.com "https://formacion-web.com/" "Mozilla/5.0 (Windows NT 10.0; Win64; x64) AppleWebKit/537.36 (KHTML, like Gecko) Chrome/137.0.0.0 Safari/537.36" "-"
46.6.26.0 - - [09/Jun/2025:10:21:38 +0200] "GET /css/styles.min.css HTTP/1.1" 200 15032 formacion-web.com "https://formacion-web.com/" "Mozilla/5.0 (Windows NT 10.0; Win64; x64) AppleWebKit/537.36 (KHTML, like Gecko) Chrome/137.0.0.0 Safari/537.36" "-"
46.6.26.0 - - [09/Jun/2025:10:21:38 +0200] "GET /js/navigator.min.js HTTP/1.1" 200 477 formacion-web.com "https://formacion-web.com/" "Mozilla/5.0 (Windows NT 10.0; Win64; x64) AppleWebKit/537.36 (KHTML, like Gecko) Chrome/137.0.0.0 Safari/537.36" "-"
46.6.26.0 - - [09/Jun/2025:10:21:38 +0200] "GET /js/header.min.js HTTP/1.1" 200 349 formacion-web.com "https://formacion-web.com/" "Mozilla/5.0 (Windows NT 10.0; Win64; x64) AppleWebKit/537.36 (KHTML, like Gecko) Chrome/137.0.0.0 Safari/537.36" "-"
46.6.26.0 - - [09/Jun/2025:10:21:38 +0200] "GET /manifest.json HTTP/1.1" 200 12674 formacion-web.com "https://formacion-web.com/" "Mozilla/5.0 (Windows NT 10.0; Win64; x64) AppleWebKit/537.36 (KHTML, like Gecko) Chrome/137.0.0.0 Safari/537.36" "-"
46.6.26.0 - - [09/Jun/2025:10:21:38 +0200] "GET /img/logo.png HTTP/1.1" 200 131330 formacion-web.com "https://formacion-web.com/css/styles.min.css" "Mozilla/5.0 (Windows NT 10.0; Win64; x64) AppleWebKit/537.36 (KHTML, like Gecko) Chrome/137.0.0.0 Safari/537.36" "-"
46.6.26.0 - - [09/Jun/2025:10:21:38 +0200] "GET /img/icons/ios/144.png HTTP/1.1" 200 18684 formacion-web.com "https://formacion-web.com/" "Mozilla/5.0 (Windows NT 10.0; Win64; x64) AppleWebKit/537.36 (KHTML, like Gecko) Chrome/137.0.0.0 Safari/537.36" "-"
90.166.19.0 - - [09/Jun/2025:10:21:38 +0200] "GET /api/productos?detalles=3889278540651 HTTP/1.1" 200 393 formacion-web.com "https://formacion-web.com/tienda" "Mozilla/5.0 (Windows NT 10.0; Win64; x64) AppleWebKit/537.36 (KHTML, like Gecko) Chrome/136.0.0.0 Safari/537.36" "-"
46.6.26.0 - - [09/Jun/2025:10:21:38 +0200] "GET /img/avatares/youngpeople.png HTTP/1.1" 200 131330 formacion-web.com "https://formacion-web.com/" "Mozilla/5.0 (Windows NT 10.0; Win64; x64) AppleWebKit/537.36 (KHTML, like Gecko) Chrome/137.0.0.0 Safari/537.36" "-"
46.6.26.0 - - [09/Jun/2025:10:21:38 +0200] "GET /videos/video.mp4 HTTP/1.1" 206 24497914 formacion-web.com "https://formacion-web.com/" "Mozilla/5.0 (Windows NT 10.0; Win64; x64) AppleWebKit/537.36 (KHTML, like Gecko) Chrome/137.0.0.0 Safari/537.36" "-"
46.6.26.0 - - [09/Jun/2025:10:21:39 +0200] "GET /manifest.json HTTP/1.1" 200 12674 formacion-web.com "https://formacion-web.com/" "Mozilla/5.0 (Windows NT 10.0; Win64; x64) AppleWebKit/537.36 (KHTML, like Gecko) Chrome/137.0.0.0 Safari/537.36" "-"
46.6.26.0 - - [09/Jun/2025:10:21:39 +0200] "GET /img/icons/ios/144.png HTTP/1.1" 200 18684 formacion-web.com "https://formacion-web.com/" "Mozilla/5.0 (Windows NT 10.0; Win64; x64) AppleWebKit/537.36 (KHTML, like Gecko) Chrome/137.0.0.0 Safari/537.36" "-"
90.166.19.0 - - [09/Jun/2025:10:21:39 +0200] "GET /api/pedido?cod=3889278540651&ca=1 HTTP/1.1" 200 1897 formacion-web.com "https://formacion-web.com/tienda" "Mozilla/5.0 (Windows NT 10.0; Win64; x64) AppleWebKit/537.36 (KHTML, like Gecko) Chrome/136.0.0.0 Safari/537.36" "-"
90.166.19.0 - - [09/Jun/2025:10:21:41 +0200] "GET /api/productos?detalles=7146046608175 HTTP/1.1" 200 422 formacion-web.com "https://formacion-web.com/tienda" "Mozilla/5.0 (Windows NT 10.0; Win64; x64) AppleWebKit/537.36 (KHTML, like Gecko) Chrome/136.0.0.0 Safari/537.36" "-"
90.166.19.0 - - [09/Jun/2025:10:21:42 +0200] "GET /api/pedido?cod=7146046608175&ca=1 HTTP/1.1" 200 2112 formacion-web.com "https://formacion-web.com/tienda" "Mozilla/5.0 (Windows NT 10.0; Win64; x64) AppleWebKit/537.36 (KHTML, like Gecko) Chrome/136.0.0.0 Safari/537.36" "-"
46.6.26.0 - - [09/Jun/2025:10:21:42 +0200] "GET / HTTP/1.1" 200 3449 formacion-web.com "-" "Mozilla/5.0 (Windows NT 10.0; Win64; x64) AppleWebKit/537.36 (KHTML, like Gecko) Chrome/137.0.0.0 Safari/537.36" "-"
46.6.26.0 - - [09/Jun/2025:10:21:43 +0200] "GET /js/index.min.js HTTP/1.1" 200 - formacion-web.com "https://formacion-web.com/" "Mozilla/5.0 (Windows NT 10.0; Win64; x64) AppleWebKit/537.36 (KHTML, like Gecko) Chrome/137.0.0.0 Safari/537.36" "-"
46.6.26.0 - - [09/Jun/2025:10:21:43 +0200] "GET /css/styles.min.css HTTP/1.1" 200 15032 formacion-web.com "https://formacion-web.com/" "Mozilla/5.0 (Windows NT 10.0; Win64; x64) AppleWebKit/537.36 (KHTML, like Gecko) Chrome/137.0.0.0 Safari/537.36" "-"
46.6.26.0 - - [09/Jun/2025:10:21:43 +0200] "GET /js/header.min.js HTTP/1.1" 200 349 formacion-web.com "https://formacion-web.com/" "Mozilla/5.0 (Windows NT 10.0; Win64; x64) AppleWebKit/537.36 (KHTML, like Gecko) Chrome/137.0.0.0 Safari/537.36" "-"
46.6.26.0 - - [09/Jun/2025:10:21:43 +0200] "GET /js/popover.min.js HTTP/1.1" 200 735 formacion-web.com "https://formacion-web.com/" "Mozilla/5.0 (Windows NT 10.0; Win64; x64) AppleWebKit/537.36 (KHTML, like Gecko) Chrome/137.0.0.0 Safari/537.36" "-"
46.6.26.0 - - [09/Jun/2025:10:21:43 +0200] "GET /js/navigator.min.js HTTP/1.1" 200 477 formacion-web.com "https://formacion-web.com/" "Mozilla/5.0 (Windows NT 10.0; Win64; x64) AppleWebKit/537.36 (KHTML, like Gecko) Chrome/137.0.0.0 Safari/537.36" "-"
46.6.26.0 - - [09/Jun/2025:10:21:43 +0200] "GET /img/logo.png HTTP/1.1" 200 131330 formacion-web.com "https://formacion-web.com/css/styles.min.css" "Mozilla/5.0 (Windows NT 10.0; Win64; x64) AppleWebKit/537.36 (KHTML, like Gecko) Chrome/137.0.0.0 Safari/537.36" "-"
46.6.26.0 - - [09/Jun/2025:10:21:43 +0200] "GET /img/icons/windows11/SmallTile.scale-125.png HTTP/1.1" 200 10553 formacion-web.com "https://formacion-web.com/" "Mozilla/5.0 (Windows NT 10.0; Win64; x64) AppleWebKit/537.36 (KHTML, like Gecko) Chrome/137.0.0.0 Safari/537.36" "-"
46.6.26.0 - - [09/Jun/2025:10:21:43 +0200] "GET /img/icons/windows11/SmallTile.scale-100.png HTTP/1.1" 200 8788 formacion-web.com "https://formacion-web.com/" "Mozilla/5.0 (Windows NT 10.0; Win64; x64) AppleWebKit/537.36 (KHTML, like Gecko) Chrome/137.0.0.0 Safari/537.36" "-"
46.6.26.0 - - [09/Jun/2025:10:21:43 +0200] "GET /img/icons/windows11/SmallTile.scale-150.png HTTP/1.1" 200 12938 formacion-web.com "https://formacion-web.com/" "Mozilla/5.0 (Windows NT 10.0; Win64; x64) AppleWebKit/537.36 (KHTML, like Gecko) Chrome/137.0.0.0 Safari/537.36" "-"
46.6.26.0 - - [09/Jun/2025:10:21:43 +0200] "GET /img/icons/windows11/LargeTile.scale-100.png HTTP/1.1" 200 53947 formacion-web.com "https://formacion-web.com/" "Mozilla/5.0 (Windows NT 10.0; Win64; x64) AppleWebKit/537.36 (KHTML, like Gecko) Chrome/137.0.0.0 Safari/537.36" "-"
46.6.26.0 - - [09/Jun/2025:10:21:43 +0200] "GET /img/icons/windows11/LargeTile.scale-125.png HTTP/1.1" 200 75578 formacion-web.com "https://formacion-web.com/" "Mozilla/5.0 (Windows NT 10.0; Win64; x64) AppleWebKit/537.36 (KHTML, like Gecko) Chrome/137.0.0.0 Safari/537.36" "-"
46.6.26.0 - - [09/Jun/2025:10:21:43 +0200] "GET /img/icons/windows11/LargeTile.scale-150.png HTTP/1.1" 200 100385 formacion-web.com "https://formacion-web.com/" "Mozilla/5.0 (Windows NT 10.0; Win64; x64) AppleWebKit/537.36 (KHTML, like Gecko) Chrome/137.0.0.0 Safari/537.36" "-"
46.6.26.0 - - [09/Jun/2025:10:21:43 +0200] "GET /img/icons/windows11/LargeTile.scale-200.png HTTP/1.1" 200 154920 formacion-web.com "https://formacion-web.com/" "Mozilla/5.0 (Windows NT 10.0; Win64; x64) AppleWebKit/537.36 (KHTML, like Gecko) Chrome/137.0.0.0 Safari/537.36" "-"
46.6.26.0 - - [09/Jun/2025:10:21:43 +0200] "GET /img/icons/screenshots/screen-wide.png HTTP/1.1" 200 527600 formacion-web.com "https://formacion-web.com/" "Mozilla/5.0 (Windows NT 10.0; Win64; x64) AppleWebKit/537.36 (KHTML, like Gecko) Chrome/137.0.0.0 Safari/537.36" "-"
46.6.26.0 - - [09/Jun/2025:10:21:43 +0200] "GET /img/icons/windows11/SmallTile.scale-200.png HTTP/1.1" 200 18270 formacion-web.com "https://formacion-web.com/" "Mozilla/5.0 (Windows NT 10.0; Win64; x64) AppleWebKit/537.36 (KHTML, like Gecko) Chrome/137.0.0.0 Safari/537.36" "-"
46.6.26.0 - - [09/Jun/2025:10:21:43 +0200] "GET /img/icons/windows11/SmallTile.scale-400.png HTTP/1.1" 200 47511 formacion-web.com "https://formacion-web.com/" "Mozilla/5.0 (Windows NT 10.0; Win64; x64) AppleWebKit/537.36 (KHTML, like Gecko) Chrome/137.0.0.0 Safari/537.36" "-"
46.6.26.0 - - [09/Jun/2025:10:21:43 +0200] "GET /img/icons/windows11/Square150x150Logo.scale-100.png HTTP/1.1" 200 19645 formacion-web.com "https://formacion-web.com/" "Mozilla/5.0 (Windows NT 10.0; Win64; x64) AppleWebKit/537.36 (KHTML, like Gecko) Chrome/137.0.0.0 Safari/537.36" "-"
46.6.26.0 - - [09/Jun/2025:10:21:43 +0200] "GET /img/icons/windows11/Square150x150Logo.scale-400.png HTTP/1.1" 200 146816 formacion-web.com "https://formacion-web.com/" "Mozilla/5.0 (Windows NT 10.0; Win64; x64) AppleWebKit/537.36 (KHTML, like Gecko) Chrome/137.0.0.0 Safari/537.36" "-"
46.6.26.0 - - [09/Jun/2025:10:21:43 +0200] "GET /img/icons/windows11/Square44x44Logo.scale-100.png HTTP/1.1" 200 6810 formacion-web.com "https://formacion-web.com/" "Mozilla/5.0 (Windows NT 10.0; Win64; x64) AppleWebKit/537.36 (KHTML, like Gecko) Chrome/137.0.0.0 Safari/537.36" "-"
46.6.26.0 - - [09/Jun/2025:10:21:43 +0200] "GET /img/icons/windows11/Square44x44Logo.scale-125.png HTTP/1.1" 200 7946 formacion-web.com "https://formacion-web.com/" "Mozilla/5.0 (Windows NT 10.0; Win64; x64) AppleWebKit/537.36 (KHTML, like Gecko) Chrome/137.0.0.0 Safari/537.36" "-"
46.6.26.0 - - [09/Jun/2025:10:21:43 +0200] "GET /img/icons/windows11/Square44x44Logo.scale-150.png HTTP/1.1" 200 9235 formacion-web.com "https://formacion-web.com/" "Mozilla/5.0 (Windows NT 10.0; Win64; x64) AppleWebKit/537.36 (KHTML, like Gecko) Chrome/137.0.0.0 Safari/537.36" "-"
46.6.26.0 - - [09/Jun/2025:10:21:43 +0200] "GET /img/icons/windows11/Square44x44Logo.scale-200.png HTTP/1.1" 200 12267 formacion-web.com "https://formacion-web.com/" "Mozilla/5.0 (Windows NT 10.0; Win64; x64) AppleWebKit/537.36 (KHTML, like Gecko) Chrome/137.0.0.0 Safari/537.36" "-"
46.6.26.0 - - [09/Jun/2025:10:21:43 +0200] "GET /img/icons/windows11/Square44x44Logo.scale-400.png HTTP/1.1" 200 29345 formacion-web.com "https://formacion-web.com/" "Mozilla/5.0 (Windows NT 10.0; Win64; x64) AppleWebKit/537.36 (KHTML, like Gecko) Chrome/137.0.0.0 Safari/537.36" "-"
46.6.26.0 - - [09/Jun/2025:10:21:43 +0200] "GET /img/icons/windows11/StoreLogo.scale-100.png HTTP/1.1" 200 6811 formacion-web.com "https://formacion-web.com/" "Mozilla/5.0 (Windows NT 10.0; Win64; x64) AppleWebKit/537.36 (KHTML, like Gecko) Chrome/137.0.0.0 Safari/537.36" "-"
46.6.26.0 - - [09/Jun/2025:10:21:43 +0200] "GET /img/icons/windows11/Square150x150Logo.scale-125.png HTTP/1.1" 200 25947 formacion-web.com "https://formacion-web.com/" "Mozilla/5.0 (Windows NT 10.0; Win64; x64) AppleWebKit/537.36 (KHTML, like Gecko) Chrome/137.0.0.0 Safari/537.36" "-"
46.6.26.0 - - [09/Jun/2025:10:21:43 +0200] "GET /img/icons/windows11/Square150x150Logo.scale-150.png HTTP/1.1" 200 33801 formacion-web.com "https://formacion-web.com/" "Mozilla/5.0 (Windows NT 10.0; Win64; x64) AppleWebKit/537.36 (KHTML, like Gecko) Chrome/137.0.0.0 Safari/537.36" "-"
46.6.26.0 - - [09/Jun/2025:10:21:43 +0200] "GET /img/icons/windows11/Square150x150Logo.scale-200.png HTTP/1.1" 200 50960 formacion-web.com "https://formacion-web.com/" "Mozilla/5.0 (Windows NT 10.0; Win64; x64) AppleWebKit/537.36 (KHTML, like Gecko) Chrome/137.0.0.0 Safari/537.36" "-"
46.6.26.0 - - [09/Jun/2025:10:21:43 +0200] "GET /img/icons/windows11/SmallTile.scale-100.png HTTP/1.1" 200 8788 formacion-web.com "https://formacion-web.com/" "Mozilla/5.0 (Windows NT 10.0; Win64; x64) AppleWebKit/537.36 (KHTML, like Gecko) Chrome/137.0.0.0 Safari/537.36" "-"
46.6.26.0 - - [09/Jun/2025:10:21:43 +0200] "GET /img/icons/windows11/LargeTile.scale-100.png HTTP/1.1" 200 53947 formacion-web.com "https://formacion-web.com/" "Mozilla/5.0 (Windows NT 10.0; Win64; x64) AppleWebKit/537.36 (KHTML, like Gecko) Chrome/137.0.0.0 Safari/537.36" "-"
46.6.26.0 - - [09/Jun/2025:10:21:43 +0200] "GET /img/icons/windows11/LargeTile.scale-150.png HTTP/1.1" 200 100385 formacion-web.com "https://formacion-web.com/" "Mozilla/5.0 (Windows NT 10.0; Win64; x64) AppleWebKit/537.36 (KHTML, like Gecko) Chrome/137.0.0.0 Safari/537.36" "-"
46.6.26.0 - - [09/Jun/2025:10:21:43 +0200] "GET /img/icons/windows11/LargeTile.scale-200.png HTTP/1.1" 200 154920 formacion-web.com "https://formacion-web.com/" "Mozilla/5.0 (Windows NT 10.0; Win64; x64) AppleWebKit/537.36 (KHTML, like Gecko) Chrome/137.0.0.0 Safari/537.36" "-"
46.6.26.0 - - [09/Jun/2025:10:21:43 +0200] "GET /img/icons/windows11/LargeTile.scale-125.png HTTP/1.1" 200 75578 formacion-web.com "https://formacion-web.com/" "Mozilla/5.0 (Windows NT 10.0; Win64; x64) AppleWebKit/537.36 (KHTML, like Gecko) Chrome/137.0.0.0 Safari/537.36" "-"
46.6.26.0 - - [09/Jun/2025:10:21:43 +0200] "GET /img/icons/screenshots/screen-wide.png HTTP/1.1" 200 527600 formacion-web.com "https://formacion-web.com/" "Mozilla/5.0 (Windows NT 10.0; Win64; x64) AppleWebKit/537.36 (KHTML, like Gecko) Chrome/137.0.0.0 Safari/537.36" "-"
46.6.26.0 - - [09/Jun/2025:10:21:43 +0200] "GET /img/icons/windows11/SmallTile.scale-125.png HTTP/1.1" 200 10553 formacion-web.com "https://formacion-web.com/" "Mozilla/5.0 (Windows NT 10.0; Win64; x64) AppleWebKit/537.36 (KHTML, like Gecko) Chrome/137.0.0.0 Safari/537.36" "-"
46.6.26.0 - - [09/Jun/2025:10:21:43 +0200] "GET /img/avatares/youngpeople.png HTTP/1.1" 200 131330 formacion-web.com "https://formacion-web.com/" "Mozilla/5.0 (Windows NT 10.0; Win64; x64) AppleWebKit/537.36 (KHTML, like Gecko) Chrome/137.0.0.0 Safari/537.36" "-"
46.6.26.0 - - [09/Jun/2025:10:21:43 +0200] "GET /videos/video.mp4 HTTP/1.1" 206 24497914 formacion-web.com "https://formacion-web.com/" "Mozilla/5.0 (Windows NT 10.0; Win64; x64) AppleWebKit/537.36 (KHTML, like Gecko) Chrome/137.0.0.0 Safari/537.36" "-"
46.6.26.0 - - [09/Jun/2025:10:21:44 +0200] "GET /img/icons/windows11/SmallTile.scale-150.png HTTP/1.1" 200 12938 formacion-web.com "https://formacion-web.com/" "Mozilla/5.0 (Windows NT 10.0; Win64; x64) AppleWebKit/537.36 (KHTML, like Gecko) Chrome/137.0.0.0 Safari/537.36" "-"
46.6.26.0 - - [09/Jun/2025:10:21:44 +0200] "GET /img/icons/windows11/SmallTile.scale-200.png HTTP/1.1" 200 18270 formacion-web.com "https://formacion-web.com/" "Mozilla/5.0 (Windows NT 10.0; Win64; x64) AppleWebKit/537.36 (KHTML, like Gecko) Chrome/137.0.0.0 Safari/537.36" "-"
46.6.26.0 - - [09/Jun/2025:10:21:44 +0200] "GET /img/icons/windows11/Square150x150Logo.scale-100.png HTTP/1.1" 200 19645 formacion-web.com "https://formacion-web.com/" "Mozilla/5.0 (Windows NT 10.0; Win64; x64) AppleWebKit/537.36 (KHTML, like Gecko) Chrome/137.0.0.0 Safari/537.36" "-"
46.6.26.0 - - [09/Jun/2025:10:21:44 +0200] "GET /img/icons/windows11/Square150x150Logo.scale-125.png HTTP/1.1" 200 25947 formacion-web.com "https://formacion-web.com/" "Mozilla/5.0 (Windows NT 10.0; Win64; x64) AppleWebKit/537.36 (KHTML, like Gecko) Chrome/137.0.0.0 Safari/537.36" "-"
46.6.26.0 - - [09/Jun/2025:10:21:44 +0200] "GET /img/icons/windows11/Square150x150Logo.scale-150.png HTTP/1.1" 200 33801 formacion-web.com "https://formacion-web.com/" "Mozilla/5.0 (Windows NT 10.0; Win64; x64) AppleWebKit/537.36 (KHTML, like Gecko) Chrome/137.0.0.0 Safari/537.36" "-"
46.6.26.0 - - [09/Jun/2025:10:21:44 +0200] "GET /img/icons/windows11/Square44x44Logo.scale-100.png HTTP/1.1" 200 6810 formacion-web.com "https://formacion-web.com/" "Mozilla/5.0 (Windows NT 10.0; Win64; x64) AppleWebKit/537.36 (KHTML, like Gecko) Chrome/137.0.0.0 Safari/537.36" "-"
46.6.26.0 - - [09/Jun/2025:10:21:44 +0200] "GET /img/icons/windows11/Square150x150Logo.scale-200.png HTTP/1.1" 200 50960 formacion-web.com "https://formacion-web.com/" "Mozilla/5.0 (Windows NT 10.0; Win64; x64) AppleWebKit/537.36 (KHTML, like Gecko) Chrome/137.0.0.0 Safari/537.36" "-"
46.6.26.0 - - [09/Jun/2025:10:21:44 +0200] "GET /img/icons/windows11/Square44x44Logo.scale-150.png HTTP/1.1" 200 9235 formacion-web.com "https://formacion-web.com/" "Mozilla/5.0 (Windows NT 10.0; Win64; x64) AppleWebKit/537.36 (KHTML, like Gecko) Chrome/137.0.0.0 Safari/537.36" "-"
46.6.26.0 - - [09/Jun/2025:10:21:44 +0200] "GET /img/icons/windows11/Square150x150Logo.scale-400.png HTTP/1.1" 200 146816 formacion-web.com "https://formacion-web.com/" "Mozilla/5.0 (Windows NT 10.0; Win64; x64) AppleWebKit/537.36 (KHTML, like Gecko) Chrome/137.0.0.0 Safari/537.36" "-"
46.6.26.0 - - [09/Jun/2025:10:21:44 +0200] "GET /img/icons/windows11/Square44x44Logo.scale-200.png HTTP/1.1" 200 12267 formacion-web.com "https://formacion-web.com/" "Mozilla/5.0 (Windows NT 10.0; Win64; x64) AppleWebKit/537.36 (KHTML, like Gecko) Chrome/137.0.0.0 Safari/537.36" "-"
46.6.26.0 - - [09/Jun/2025:10:21:44 +0200] "GET /img/icons/windows11/Square44x44Logo.scale-400.png HTTP/1.1" 200 29345 formacion-web.com "https://formacion-web.com/" "Mozilla/5.0 (Windows NT 10.0; Win64; x64) AppleWebKit/537.36 (KHTML, like Gecko) Chrome/137.0.0.0 Safari/537.36" "-"
46.6.26.0 - - [09/Jun/2025:10:21:44 +0200] "GET /img/icons/windows11/StoreLogo.scale-100.png HTTP/1.1" 200 6811 formacion-web.com "https://formacion-web.com/" "Mozilla/5.0 (Windows NT 10.0; Win64; x64) AppleWebKit/537.36 (KHTML, like Gecko) Chrome/137.0.0.0 Safari/537.36" "-"
46.6.26.0 - - [09/Jun/2025:10:21:44 +0200] "GET /img/icons/windows11/SmallTile.scale-400.png HTTP/1.1" 200 47511 formacion-web.com "https://formacion-web.com/" "Mozilla/5.0 (Windows NT 10.0; Win64; x64) AppleWebKit/537.36 (KHTML, like Gecko) Chrome/137.0.0.0 Safari/537.36" "-"
46.6.26.0 - - [09/Jun/2025:10:21:44 +0200] "GET /img/icons/windows11/Square44x44Logo.scale-125.png HTTP/1.1" 200 7946 formacion-web.com "https://formacion-web.com/" "Mozilla/5.0 (Windows NT 10.0; Win64; x64) AppleWebKit/537.36 (KHTML, like Gecko) Chrome/137.0.0.0 Safari/537.36" "-"
46.6.26.0 - - [09/Jun/2025:10:21:44 +0200] "GET /manifest.json HTTP/1.1" 200 12674 formacion-web.com "https://formacion-web.com/" "Mozilla/5.0 (Windows NT 10.0; Win64; x64) AppleWebKit/537.36 (KHTML, like Gecko) Chrome/137.0.0.0 Safari/537.36" "-"
79.117.255.0 - - [09/Jun/2025:10:21:44 +0200] "GET / HTTP/1.1" 200 3449 formacion-web.com "https://www.google.com/" "Mozilla/5.0 (Windows NT 10.0; Win64; x64) AppleWebKit/537.36 (KHTML, like Gecko) Chrome/134.0.0.0 Safari/537.36" "-"
46.6.26.0 - - [09/Jun/2025:10:21:44 +0200] "GET /img/icons/ios/144.png HTTP/1.1" 200 18684 formacion-web.com "https://formacion-web.com/" "Mozilla/5.0 (Windows NT 10.0; Win64; x64) AppleWebKit/537.36 (KHTML, like Gecko) Chrome/137.0.0.0 Safari/537.36" "-"
79.117.255.0 - - [09/Jun/2025:10:21:44 +0200] "GET /css/styles.min.css HTTP/1.1" 200 15032 formacion-web.com "https://formacion-web.com/" "Mozilla/5.0 (Windows NT 10.0; Win64; x64) AppleWebKit/537.36 (KHTML, like Gecko) Chrome/134.0.0.0 Safari/537.36" "-"
79.117.255.0 - - [09/Jun/2025:10:21:44 +0200] "GET /js/index.min.js HTTP/1.1" 200 - formacion-web.com "https://formacion-web.com/" "Mozilla/5.0 (Windows NT 10.0; Win64; x64) AppleWebKit/537.36 (KHTML, like Gecko) Chrome/134.0.0.0 Safari/537.36" "-"
79.117.255.0 - - [09/Jun/2025:10:21:44 +0200] "GET /js/header.min.js HTTP/1.1" 200 349 formacion-web.com "https://formacion-web.com/" "Mozilla/5.0 (Windows NT 10.0; Win64; x64) AppleWebKit/537.36 (KHTML, like Gecko) Chrome/134.0.0.0 Safari/537.36" "-"
79.117.255.0 - - [09/Jun/2025:10:21:44 +0200] "GET /js/popover.min.js HTTP/1.1" 200 735 formacion-web.com "https://formacion-web.com/" "Mozilla/5.0 (Windows NT 10.0; Win64; x64) AppleWebKit/537.36 (KHTML, like Gecko) Chrome/134.0.0.0 Safari/537.36" "-"
79.117.255.0 - - [09/Jun/2025:10:21:44 +0200] "GET /js/navigator.min.js HTTP/1.1" 200 477 formacion-web.com "https://formacion-web.com/" "Mozilla/5.0 (Windows NT 10.0; Win64; x64) AppleWebKit/537.36 (KHTML, like Gecko) Chrome/134.0.0.0 Safari/537.36" "-"
90.166.19.0 - - [09/Jun/2025:10:21:47 +0200] "GET /img/icons/screenshots/screen-wide.png HTTP/1.1" 200 527600 formacion-web.com "https://formacion-web.com/tienda" "Mozilla/5.0 (Windows NT 10.0; Win64; x64) AppleWebKit/537.36 (KHTML, like Gecko) Chrome/136.0.0.0 Safari/537.36" "-"
90.166.19.0 - - [09/Jun/2025:10:21:47 +0200] "GET /img/icons/windows11/LargeTile.scale-125.png HTTP/1.1" 200 75578 formacion-web.com "https://formacion-web.com/tienda" "Mozilla/5.0 (Windows NT 10.0; Win64; x64) AppleWebKit/537.36 (KHTML, like Gecko) Chrome/136.0.0.0 Safari/537.36" "-"
90.166.19.0 - - [09/Jun/2025:10:21:47 +0200] "GET /img/icons/windows11/LargeTile.scale-100.png HTTP/1.1" 200 53947 formacion-web.com "https://formacion-web.com/tienda" "Mozilla/5.0 (Windows NT 10.0; Win64; x64) AppleWebKit/537.36 (KHTML, like Gecko) Chrome/136.0.0.0 Safari/537.36" "-"
90.166.19.0 - - [09/Jun/2025:10:21:47 +0200] "GET /img/icons/windows11/LargeTile.scale-150.png HTTP/1.1" 200 100385 formacion-web.com "https://formacion-web.com/tienda" "Mozilla/5.0 (Windows NT 10.0; Win64; x64) AppleWebKit/537.36 (KHTML, like Gecko) Chrome/136.0.0.0 Safari/537.36" "-"
90.166.19.0 - - [09/Jun/2025:10:21:47 +0200] "GET /img/icons/windows11/SmallTile.scale-100.png HTTP/1.1" 200 8788 formacion-web.com "https://formacion-web.com/tienda" "Mozilla/5.0 (Windows NT 10.0; Win64; x64) AppleWebKit/537.36 (KHTML, like Gecko) Chrome/136.0.0.0 Safari/537.36" "-"
90.166.19.0 - - [09/Jun/2025:10:21:47 +0200] "GET /img/icons/windows11/LargeTile.scale-200.png HTTP/1.1" 200 154920 formacion-web.com "https://formacion-web.com/tienda" "Mozilla/5.0 (Windows NT 10.0; Win64; x64) AppleWebKit/537.36 (KHTML, like Gecko) Chrome/136.0.0.0 Safari/537.36" "-"
90.166.19.0 - - [09/Jun/2025:10:21:47 +0200] "GET /img/icons/windows11/SmallTile.scale-125.png HTTP/1.1" 200 10553 formacion-web.com "https://formacion-web.com/tienda" "Mozilla/5.0 (Windows NT 10.0; Win64; x64) AppleWebKit/537.36 (KHTML, like Gecko) Chrome/136.0.0.0 Safari/537.36" "-"
90.166.19.0 - - [09/Jun/2025:10:21:47 +0200] "GET /img/icons/windows11/SmallTile.scale-150.png HTTP/1.1" 200 12938 formacion-web.com "https://formacion-web.com/tienda" "Mozilla/5.0 (Windows NT 10.0; Win64; x64) AppleWebKit/537.36 (KHTML, like Gecko) Chrome/136.0.0.0 Safari/537.36" "-"
90.166.19.0 - - [09/Jun/2025:10:21:47 +0200] "GET /img/icons/windows11/SmallTile.scale-200.png HTTP/1.1" 200 18270 formacion-web.com "https://formacion-web.com/tienda" "Mozilla/5.0 (Windows NT 10.0; Win64; x64) AppleWebKit/537.36 (KHTML, like Gecko) Chrome/136.0.0.0 Safari/537.36" "-"
90.166.19.0 - - [09/Jun/2025:10:21:47 +0200] "GET /img/icons/windows11/SmallTile.scale-400.png HTTP/1.1" 200 47511 formacion-web.com "https://formacion-web.com/tienda" "Mozilla/5.0 (Windows NT 10.0; Win64; x64) AppleWebKit/537.36 (KHTML, like Gecko) Chrome/136.0.0.0 Safari/537.36" "-"
90.166.19.0 - - [09/Jun/2025:10:21:47 +0200] "GET /img/icons/windows11/Square150x150Logo.scale-100.png HTTP/1.1" 200 19645 formacion-web.com "https://formacion-web.com/tienda" "Mozilla/5.0 (Windows NT 10.0; Win64; x64) AppleWebKit/537.36 (KHTML, like Gecko) Chrome/136.0.0.0 Safari/537.36" "-"
90.166.19.0 - - [09/Jun/2025:10:21:47 +0200] "GET /img/icons/windows11/Square150x150Logo.scale-125.png HTTP/1.1" 200 25947 formacion-web.com "https://formacion-web.com/tienda" "Mozilla/5.0 (Windows NT 10.0; Win64; x64) AppleWebKit/537.36 (KHTML, like Gecko) Chrome/136.0.0.0 Safari/537.36" "-"
90.166.19.0 - - [09/Jun/2025:10:21:47 +0200] "GET /img/icons/windows11/Square150x150Logo.scale-150.png HTTP/1.1" 200 33801 formacion-web.com "https://formacion-web.com/tienda" "Mozilla/5.0 (Windows NT 10.0; Win64; x64) AppleWebKit/537.36 (KHTML, like Gecko) Chrome/136.0.0.0 Safari/537.36" "-"
90.166.19.0 - - [09/Jun/2025:10:21:48 +0200] "GET /img/icons/windows11/Square150x150Logo.scale-200.png HTTP/1.1" 200 50960 formacion-web.com "https://formacion-web.com/tienda" "Mozilla/5.0 (Windows NT 10.0; Win64; x64) AppleWebKit/537.36 (KHTML, like Gecko) Chrome/136.0.0.0 Safari/537.36" "-"
90.166.19.0 - - [09/Jun/2025:10:21:48 +0200] "GET /img/icons/windows11/Square150x150Logo.scale-400.png HTTP/1.1" 200 146816 formacion-web.com "https://formacion-web.com/tienda" "Mozilla/5.0 (Windows NT 10.0; Win64; x64) AppleWebKit/537.36 (KHTML, like Gecko) Chrome/136.0.0.0 Safari/537.36" "-"
90.166.19.0 - - [09/Jun/2025:10:21:48 +0200] "GET /img/icons/windows11/Square44x44Logo.scale-100.png HTTP/1.1" 200 6810 formacion-web.com "https://formacion-web.com/tienda" "Mozilla/5.0 (Windows NT 10.0; Win64; x64) AppleWebKit/537.36 (KHTML, like Gecko) Chrome/136.0.0.0 Safari/537.36" "-"
90.166.19.0 - - [09/Jun/2025:10:21:48 +0200] "GET /img/icons/windows11/Square44x44Logo.scale-125.png HTTP/1.1" 200 7946 formacion-web.com "https://formacion-web.com/tienda" "Mozilla/5.0 (Windows NT 10.0; Win64; x64) AppleWebKit/537.36 (KHTML, like Gecko) Chrome/136.0.0.0 Safari/537.36" "-"
90.166.19.0 - - [09/Jun/2025:10:21:48 +0200] "GET /img/icons/windows11/Square44x44Logo.scale-200.png HTTP/1.1" 200 12267 formacion-web.com "https://formacion-web.com/tienda" "Mozilla/5.0 (Windows NT 10.0; Win64; x64) AppleWebKit/537.36 (KHTML, like Gecko) Chrome/136.0.0.0 Safari/537.36" "-"
90.166.19.0 - - [09/Jun/2025:10:21:48 +0200] "GET /img/icons/windows11/Square44x44Logo.scale-400.png HTTP/1.1" 200 29345 formacion-web.com "https://formacion-web.com/tienda" "Mozilla/5.0 (Windows NT 10.0; Win64; x64) AppleWebKit/537.36 (KHTML, like Gecko) Chrome/136.0.0.0 Safari/537.36" "-"
90.166.19.0 - - [09/Jun/2025:10:21:48 +0200] "GET /img/icons/windows11/StoreLogo.scale-100.png HTTP/1.1" 200 6811 formacion-web.com "https://formacion-web.com/tienda" "Mozilla/5.0 (Windows NT 10.0; Win64; x64) AppleWebKit/537.36 (KHTML, like Gecko) Chrome/136.0.0.0 Safari/537.36" "-"
90.166.19.0 - - [09/Jun/2025:10:21:48 +0200] "GET /img/icons/windows11/Square44x44Logo.scale-150.png HTTP/1.1" 200 9235 formacion-web.com "https://formacion-web.com/tienda" "Mozilla/5.0 (Windows NT 10.0; Win64; x64) AppleWebKit/537.36 (KHTML, like Gecko) Chrome/136.0.0.0 Safari/537.36" "-"
79.117.255.0 - - [09/Jun/2025:10:21:49 +0200] "GET /img/logo.png HTTP/1.1" 200 131330 formacion-web.com "https://formacion-web.com/css/styles.min.css" "Mozilla/5.0 (Windows NT 10.0; Win64; x64) AppleWebKit/537.36 (KHTML, like Gecko) Chrome/134.0.0.0 Safari/537.36" "-"
79.117.255.0 - - [09/Jun/2025:10:21:49 +0200] "GET /videos/video.mp4 HTTP/1.1" 206 24497914 formacion-web.com "https://formacion-web.com/" "Mozilla/5.0 (Windows NT 10.0; Win64; x64) AppleWebKit/537.36 (KHTML, like Gecko) Chrome/134.0.0.0 Safari/537.36" "-"
46.6.26.0 - - [09/Jun/2025:10:22:01 +0200] "GET /img/icons/windows11/SmallTile.scale-100.png HTTP/1.1" 200 8788 formacion-web.com "https://formacion-web.com/" "Mozilla/5.0 (Windows NT 10.0; Win64; x64) AppleWebKit/537.36 (KHTML, like Gecko) Chrome/137.0.0.0 Safari/537.36" "-"
46.6.26.0 - - [09/Jun/2025:10:22:01 +0200] "GET /img/icons/windows11/SmallTile.scale-125.png HTTP/1.1" 200 10553 formacion-web.com "https://formacion-web.com/" "Mozilla/5.0 (Windows NT 10.0; Win64; x64) AppleWebKit/537.36 (KHTML, like Gecko) Chrome/137.0.0.0 Safari/537.36" "-"
46.6.26.0 - - [09/Jun/2025:10:22:01 +0200] "GET /img/icons/windows11/SmallTile.scale-150.png HTTP/1.1" 200 12938 formacion-web.com "https://formacion-web.com/" "Mozilla/5.0 (Windows NT 10.0; Win64; x64) AppleWebKit/537.36 (KHTML, like Gecko) Chrome/137.0.0.0 Safari/537.36" "-"
46.6.26.0 - - [09/Jun/2025:10:22:01 +0200] "GET /img/icons/windows11/LargeTile.scale-150.png HTTP/1.1" 200 100385 formacion-web.com "https://formacion-web.com/" "Mozilla/5.0 (Windows NT 10.0; Win64; x64) AppleWebKit/537.36 (KHTML, like Gecko) Chrome/137.0.0.0 Safari/537.36" "-"
46.6.26.0 - - [09/Jun/2025:10:22:01 +0200] "GET /img/icons/windows11/LargeTile.scale-100.png HTTP/1.1" 200 53947 formacion-web.com "https://formacion-web.com/" "Mozilla/5.0 (Windows NT 10.0; Win64; x64) AppleWebKit/537.36 (KHTML, like Gecko) Chrome/137.0.0.0 Safari/537.36" "-"
46.6.26.0 - - [09/Jun/2025:10:22:01 +0200] "GET /img/icons/windows11/LargeTile.scale-125.png HTTP/1.1" 200 75578 formacion-web.com "https://formacion-web.com/" "Mozilla/5.0 (Windows NT 10.0; Win64; x64) AppleWebKit/537.36 (KHTML, like Gecko) Chrome/137.0.0.0 Safari/537.36" "-"
46.6.26.0 - - [09/Jun/2025:10:22:01 +0200] "GET /img/icons/windows11/LargeTile.scale-200.png HTTP/1.1" 200 154920 formacion-web.com "https://formacion-web.com/" "Mozilla/5.0 (Windows NT 10.0; Win64; x64) AppleWebKit/537.36 (KHTML, like Gecko) Chrome/137.0.0.0 Safari/537.36" "-"
46.6.26.0 - - [09/Jun/2025:10:22:01 +0200] "GET /img/icons/screenshots/screen-wide.png HTTP/1.1" 200 527600 formacion-web.com "https://formacion-web.com/" "Mozilla/5.0 (Windows NT 10.0; Win64; x64) AppleWebKit/537.36 (KHTML, like Gecko) Chrome/137.0.0.0 Safari/537.36" "-"
46.6.26.0 - - [09/Jun/2025:10:22:01 +0200] "GET /img/icons/windows11/SmallTile.scale-200.png HTTP/1.1" 200 18270 formacion-web.com "https://formacion-web.com/" "Mozilla/5.0 (Windows NT 10.0; Win64; x64) AppleWebKit/537.36 (KHTML, like Gecko) Chrome/137.0.0.0 Safari/537.36" "-"
46.6.26.0 - - [09/Jun/2025:10:22:01 +0200] "GET /img/icons/windows11/SmallTile.scale-400.png HTTP/1.1" 200 47511 formacion-web.com "https://formacion-web.com/" "Mozilla/5.0 (Windows NT 10.0; Win64; x64) AppleWebKit/537.36 (KHTML, like Gecko) Chrome/137.0.0.0 Safari/537.36" "-"
46.6.26.0 - - [09/Jun/2025:10:22:01 +0200] "GET /img/icons/windows11/Square150x150Logo.scale-125.png HTTP/1.1" 200 25947 formacion-web.com "https://formacion-web.com/" "Mozilla/5.0 (Windows NT 10.0; Win64; x64) AppleWebKit/537.36 (KHTML, like Gecko) Chrome/137.0.0.0 Safari/537.36" "-"
46.6.26.0 - - [09/Jun/2025:10:22:01 +0200] "GET /img/icons/windows11/Square150x150Logo.scale-150.png HTTP/1.1" 200 33801 formacion-web.com "https://formacion-web.com/" "Mozilla/5.0 (Windows NT 10.0; Win64; x64) AppleWebKit/537.36 (KHTML, like Gecko) Chrome/137.0.0.0 Safari/537.36" "-"
46.6.26.0 - - [09/Jun/2025:10:22:01 +0200] "GET /img/icons/windows11/Square150x150Logo.scale-200.png HTTP/1.1" 200 50960 formacion-web.com "https://formacion-web.com/" "Mozilla/5.0 (Windows NT 10.0; Win64; x64) AppleWebKit/537.36 (KHTML, like Gecko) Chrome/137.0.0.0 Safari/537.36" "-"
46.6.26.0 - - [09/Jun/2025:10:22:01 +0200] "GET /img/icons/windows11/Square44x44Logo.scale-100.png HTTP/1.1" 200 6810 formacion-web.com "https://formacion-web.com/" "Mozilla/5.0 (Windows NT 10.0; Win64; x64) AppleWebKit/537.36 (KHTML, like Gecko) Chrome/137.0.0.0 Safari/537.36" "-"
46.6.26.0 - - [09/Jun/2025:10:22:01 +0200] "GET /img/icons/windows11/Square150x150Logo.scale-400.png HTTP/1.1" 200 146816 formacion-web.com "https://formacion-web.com/" "Mozilla/5.0 (Windows NT 10.0; Win64; x64) AppleWebKit/537.36 (KHTML, like Gecko) Chrome/137.0.0.0 Safari/537.36" "-"
46.6.26.0 - - [09/Jun/2025:10:22:01 +0200] "GET /img/icons/windows11/Square44x44Logo.scale-125.png HTTP/1.1" 200 7946 formacion-web.com "https://formacion-web.com/" "Mozilla/5.0 (Windows NT 10.0; Win64; x64) AppleWebKit/537.36 (KHTML, like Gecko) Chrome/137.0.0.0 Safari/537.36" "-"
